Archive member included to satisfy reference by file (symbol)

d:/11.2 2022.02/bin/../lib/gcc/arm-none-eabi/11.2.1/thumb/v7e-m+fp/hard\libc.a(lib_a-exit.o)
                              d:/11.2 2022.02/bin/../lib/gcc/arm-none-eabi/11.2.1/thumb/v7e-m+fp/hard/crt0.o (exit)
d:/11.2 2022.02/bin/../lib/gcc/arm-none-eabi/11.2.1/thumb/v7e-m+fp/hard\libc.a(lib_a-impure.o)
                              d:/11.2 2022.02/bin/../lib/gcc/arm-none-eabi/11.2.1/thumb/v7e-m+fp/hard\libc.a(lib_a-exit.o) (_global_impure_ptr)
d:/11.2 2022.02/bin/../lib/gcc/arm-none-eabi/11.2.1/thumb/v7e-m+fp/hard\libc.a(lib_a-init.o)
                              d:/11.2 2022.02/bin/../lib/gcc/arm-none-eabi/11.2.1/thumb/v7e-m+fp/hard/crt0.o (__libc_init_array)
d:/11.2 2022.02/bin/../lib/gcc/arm-none-eabi/11.2.1/thumb/v7e-m+fp/hard\libc.a(lib_a-memset.o)
                              d:/11.2 2022.02/bin/../lib/gcc/arm-none-eabi/11.2.1/thumb/v7e-m+fp/hard/crt0.o (memset)
d:/11.2 2022.02/bin/../lib/gcc/arm-none-eabi/11.2.1/thumb/v7e-m+fp/hard\libc.a(lib_a-strlen.o)
                              build/usart.o (strlen)
d:/11.2 2022.02/bin/../lib/gcc/arm-none-eabi/11.2.1/thumb/v7e-m+fp/hard\libc.a(lib_a-vsprintf.o)
                              build/usart.o (vsprintf)
d:/11.2 2022.02/bin/../lib/gcc/arm-none-eabi/11.2.1/thumb/v7e-m+fp/hard\libc.a(lib_a-__call_atexit.o)
                              d:/11.2 2022.02/bin/../lib/gcc/arm-none-eabi/11.2.1/thumb/v7e-m+fp/hard\libc.a(lib_a-exit.o) (__call_exitprocs)
d:/11.2 2022.02/bin/../lib/gcc/arm-none-eabi/11.2.1/thumb/v7e-m+fp/hard\libc.a(lib_a-svfprintf.o)
                              d:/11.2 2022.02/bin/../lib/gcc/arm-none-eabi/11.2.1/thumb/v7e-m+fp/hard\libc.a(lib_a-vsprintf.o) (_svfprintf_r)
d:/11.2 2022.02/bin/../lib/gcc/arm-none-eabi/11.2.1/thumb/v7e-m+fp/hard\libc.a(lib_a-wcrtomb.o)
                              d:/11.2 2022.02/bin/../lib/gcc/arm-none-eabi/11.2.1/thumb/v7e-m+fp/hard\libc.a(lib_a-svfprintf.o) (_wcrtomb_r)
d:/11.2 2022.02/bin/../lib/gcc/arm-none-eabi/11.2.1/thumb/v7e-m+fp/hard\libc.a(lib_a-wcsrtombs.o)
                              d:/11.2 2022.02/bin/../lib/gcc/arm-none-eabi/11.2.1/thumb/v7e-m+fp/hard\libc.a(lib_a-svfprintf.o) (_wcsrtombs_r)
d:/11.2 2022.02/bin/../lib/gcc/arm-none-eabi/11.2.1/thumb/v7e-m+fp/hard\libc.a(lib_a-dtoa.o)
                              d:/11.2 2022.02/bin/../lib/gcc/arm-none-eabi/11.2.1/thumb/v7e-m+fp/hard\libc.a(lib_a-svfprintf.o) (_dtoa_r)
d:/11.2 2022.02/bin/../lib/gcc/arm-none-eabi/11.2.1/thumb/v7e-m+fp/hard\libc.a(lib_a-freer.o)
                              d:/11.2 2022.02/bin/../lib/gcc/arm-none-eabi/11.2.1/thumb/v7e-m+fp/hard\libc.a(lib_a-svfprintf.o) (_free_r)
d:/11.2 2022.02/bin/../lib/gcc/arm-none-eabi/11.2.1/thumb/v7e-m+fp/hard\libc.a(lib_a-localeconv.o)
                              d:/11.2 2022.02/bin/../lib/gcc/arm-none-eabi/11.2.1/thumb/v7e-m+fp/hard\libc.a(lib_a-svfprintf.o) (_localeconv_r)
d:/11.2 2022.02/bin/../lib/gcc/arm-none-eabi/11.2.1/thumb/v7e-m+fp/hard\libc.a(lib_a-locale.o)
                              d:/11.2 2022.02/bin/../lib/gcc/arm-none-eabi/11.2.1/thumb/v7e-m+fp/hard\libc.a(lib_a-svfprintf.o) (__locale_mb_cur_max)
d:/11.2 2022.02/bin/../lib/gcc/arm-none-eabi/11.2.1/thumb/v7e-m+fp/hard\libc.a(lib_a-mallocr.o)
                              d:/11.2 2022.02/bin/../lib/gcc/arm-none-eabi/11.2.1/thumb/v7e-m+fp/hard\libc.a(lib_a-svfprintf.o) (_malloc_r)
d:/11.2 2022.02/bin/../lib/gcc/arm-none-eabi/11.2.1/thumb/v7e-m+fp/hard\libc.a(lib_a-mbtowc_r.o)
                              d:/11.2 2022.02/bin/../lib/gcc/arm-none-eabi/11.2.1/thumb/v7e-m+fp/hard\libc.a(lib_a-locale.o) (__ascii_mbtowc)
d:/11.2 2022.02/bin/../lib/gcc/arm-none-eabi/11.2.1/thumb/v7e-m+fp/hard\libc.a(lib_a-memchr.o)
                              d:/11.2 2022.02/bin/../lib/gcc/arm-none-eabi/11.2.1/thumb/v7e-m+fp/hard\libc.a(lib_a-svfprintf.o) (memchr)
d:/11.2 2022.02/bin/../lib/gcc/arm-none-eabi/11.2.1/thumb/v7e-m+fp/hard\libc.a(lib_a-memcpy.o)
                              d:/11.2 2022.02/bin/../lib/gcc/arm-none-eabi/11.2.1/thumb/v7e-m+fp/hard\libc.a(lib_a-dtoa.o) (memcpy)
d:/11.2 2022.02/bin/../lib/gcc/arm-none-eabi/11.2.1/thumb/v7e-m+fp/hard\libc.a(lib_a-mlock.o)
                              d:/11.2 2022.02/bin/../lib/gcc/arm-none-eabi/11.2.1/thumb/v7e-m+fp/hard\libc.a(lib_a-freer.o) (__malloc_lock)
d:/11.2 2022.02/bin/../lib/gcc/arm-none-eabi/11.2.1/thumb/v7e-m+fp/hard\libc.a(lib_a-mprec.o)
                              d:/11.2 2022.02/bin/../lib/gcc/arm-none-eabi/11.2.1/thumb/v7e-m+fp/hard\libc.a(lib_a-dtoa.o) (_Balloc)
d:/11.2 2022.02/bin/../lib/gcc/arm-none-eabi/11.2.1/thumb/v7e-m+fp/hard\libc.a(lib_a-sbrkr.o)
                              d:/11.2 2022.02/bin/../lib/gcc/arm-none-eabi/11.2.1/thumb/v7e-m+fp/hard\libc.a(lib_a-freer.o) (_sbrk_r)
d:/11.2 2022.02/bin/../lib/gcc/arm-none-eabi/11.2.1/thumb/v7e-m+fp/hard\libc.a(lib_a-s_frexp.o)
[...]
Memory Configuration

Name             Origin             Length             Attributes
RAM              0x20000000         0x00020000         xrw
CCMRAM           0x10000000         0x00010000         xrw
FLASH            0x08000000         0x00080000         xr
*default*        0x00000000         0xffffffff

Linker script and memory map

LOAD d:/11.2 2022.02/bin/../lib/gcc/arm-none-eabi/11.2.1/thumb/v7e-m+fp/hard/crti.o
LOAD d:/11.2 2022.02/bin/../lib/gcc/arm-none-eabi/11.2.1/thumb/v7e-m+fp/hard/crtbegin.o
LOAD d:/11.2 2022.02/bin/../lib/gcc/arm-none-eabi/11.2.1/thumb/v7e-m+fp/hard/crt0.o
LOAD build/main.o
LOAD build/gpio.o
LOAD build/stm32f4xx_it.o
LOAD build/stm32f4xx_hal_msp.o
LOAD build/stm32f4xx_hal_tim.o
LOAD build/stm32f4xx_hal_tim_ex.o
LOAD build/stm32f4xx_hal_rcc.o
LOAD build/stm32f4xx_hal_rcc_ex.o
LOAD build/stm32f4xx_hal_flash.o
LOAD build/stm32f4xx_hal_flash_ex.o
LOAD build/stm32f4xx_hal_flash_ramfunc.o
LOAD build/stm32f4xx_hal_gpio.o
LOAD build/stm32f4xx_hal_dma_ex.o
LOAD build/stm32f4xx_hal_dma.o
LOAD build/stm32f4xx_hal_pwr.o
LOAD build/stm32f4xx_hal_pwr_ex.o
LOAD build/stm32f4xx_hal_cortex.o
LOAD build/stm32f4xx_hal.o
LOAD build/stm32f4xx_hal_exti.o
LOAD build/system_stm32f4xx.o
LOAD build/dma.o
LOAD build/tim.o
LOAD build/usart.o
LOAD build/stm32f4xx_hal_uart.o
LOAD build/inverse_kinematics.o
LOAD build/pid.o
LOAD build/zigbee_edc24.o
LOAD build/startup_stm32f407xx.o
LOAD d:/11.2 2022.02/bin/../lib/gcc/arm-none-eabi/11.2.1/thumb/v7e-m+fp/hard\libc.a
LOAD d:/11.2 2022.02/bin/../lib/gcc/arm-none-eabi/11.2.1/thumb/v7e-m+fp/hard\libm.a
LOAD d:/11.2 2022.02/bin/../lib/gcc/arm-none-eabi/11.2.1/thumb/v7e-m+fp/hard\libnosys.a
START GROUP
LOAD d:/11.2 2022.02/bin/../lib/gcc/arm-none-eabi/11.2.1/thumb/v7e-m+fp/hard\libgcc.a
LOAD d:/11.2 2022.02/bin/../lib/gcc/arm-none-eabi/11.2.1/thumb/v7e-m+fp/hard\libc.a
END GROUP
START GROUP
LOAD d:/11.2 2022.02/bin/../lib/gcc/arm-none-eabi/11.2.1/thumb/v7e-m+fp/hard\libgcc.a
LOAD d:/11.2 2022.02/bin/../lib/gcc/arm-none-eabi/11.2.1/thumb/v7e-m+fp/hard\libc.a
LOAD d:/11.2 2022.02/bin/../lib/gcc/arm-none-eabi/11.2.1/thumb/v7e-m+fp/hard\libnosys.a
END GROUP
LOAD d:/11.2 2022.02/bin/../lib/gcc/arm-none-eabi/11.2.1/thumb/v7e-m+fp/hard/crtend.o
LOAD d:/11.2 2022.02/bin/../lib/gcc/arm-none-eabi/11.2.1/thumb/v7e-m+fp/hard/crtn.o
                0x20020000                _estack = (ORIGIN (RAM) + LENGTH (RAM))
                0x00000200                _Min_Heap_Size = 0x200
                0x00000400                _Min_Stack_Size = 0x400

.isr_vector     0x08000000      0x188
                0x08000000                . = ALIGN (0x4)
 *(.isr_vector)
 .isr_vector    0x08000000      0x188 build/startup_stm32f407xx.o
                0x08000000                g_pfnVectors
                0x08000188                . = ALIGN (0x4)

.text           0x080001c0     0x95f8
                0x080001c0                . = ALIGN (0x4)
 *(.text)
 .text          0x080001c0       0xdc d:/11.2 2022.02/bin/../lib/gcc/arm-none-eabi/11.2.1/thumb/v7e-m+fp/hard\libc.a(lib_a-strlen.o)
                0x080001c0                strlen
 *fill*         0x0800029c        0x4 
 .text          0x080002a0       0xa0 d:/11.2 2022.02/bin/../lib/gcc/arm-none-eabi/11.2.1/thumb/v7e-m+fp/hard\libc.a(lib_a-memchr.o)
                0x080002a0                memchr
 .text          0x08000340      0x134 d:/11.2 2022.02/bin/../lib/gcc/arm-none-eabi/11.2.1/thumb/v7e-m+fp/hard\libc.a(lib_a-memcpy.o)
                0x08000340                memcpy
 .text          0x08000474      0x378 d:/11.2 2022.02/bin/../lib/gcc/arm-none-eabi/11.2.1/thumb/v7e-m+fp/hard\libgcc.a(_arm_addsubdf3.o)
                0x08000474                __aeabi_drsub
                0x0800047c                __aeabi_dsub
                0x0800047c                __subdf3
                0x08000480                __aeabi_dadd
                0x08000480                __adddf3
                0x080006f8                __floatunsidf
                0x080006f8                __aeabi_ui2d
                0x08000718                __floatsidf
                0x08000718                __aeabi_i2d
                0x0800073c                __aeabi_f2d
                0x0800073c                __extendsfdf2
                0x08000780                __floatundidf
                0x08000780                __aeabi_ul2d
                0x08000790                __floatdidf
                0x08000790                __aeabi_l2d
 .text          0x080007ec      0x424 d:/11.2 2022.02/bin/../lib/gcc/arm-none-eabi/11.2.1/thumb/v7e-m+fp/hard\libgcc.a(_arm_muldivdf3.o)
                0x080007ec                __aeabi_dmul
                0x080007ec                __muldf3
                0x08000a40                __divdf3
                0x08000a40                __aeabi_ddiv
 .text          0x08000c10      0x110 d:/11.2 2022.02/bin/../lib/gcc/arm-none-eabi/11.2.1/thumb/v7e-m+fp/hard\libgcc.a(_arm_cmpdf2.o)
                0x08000c10                __gtdf2
                0x08000c10                __gedf2
                0x08000c18                __ltdf2
                0x08000c18                __ledf2
                0x08000c20                __nedf2
                0x08000c20                __eqdf2
                0x08000c20                __cmpdf2
                0x08000c9c                __aeabi_cdrcmple
                0x08000cac                __aeabi_cdcmpeq
                0x08000cac                __aeabi_cdcmple
                0x08000cbc                __aeabi_dcmpeq
                0x08000cd0                __aeabi_dcmplt
                0x08000ce4                __aeabi_dcmple
                0x08000cf8                __aeabi_dcmpge
                0x08000d0c                __aeabi_dcmpgt
 .text          0x08000d20       0x2c d:/11.2 2022.02/bin/../lib/gcc/arm-none-eabi/11.2.1/thumb/v7e-m+fp/hard\libgcc.a(_arm_unorddf2.o)
                0x08000d20                __unorddf2
                0x08000d20                __aeabi_dcmpun
 .text          0x08000d4c       0x50 d:/11.2 2022.02/bin/../lib/gcc/arm-none-eabi/11.2.1/thumb/v7e-m+fp/hard\libgcc.a(_arm_fixdfsi.o)
                0x08000d4c                __aeabi_d2iz
                0x08000d4c                __fixdfsi
 .text          0x08000d9c       0x30 d:/11.2 2022.02/bin/../lib/gcc/arm-none-eabi/11.2.1/thumb/v7e-m+fp/hard\libgcc.a(_aeabi_uldivmod.o)
                0x08000d9c                __aeabi_uldivmod
 .text          0x08000dcc        0x4 d:/11.2 2022.02/bin/../lib/gcc/arm-none-eabi/11.2.1/thumb/v7e-m+fp/hard\libgcc.a(_dvmd_tls.o)
                0x08000dcc                __aeabi_idiv0
                0x08000dcc                __aeabi_ldiv0
 *(.text*)
 .text.deregister_tm_clones
                0x08000dd0       0x1c d:/11.2 2022.02/bin/../lib/gcc/arm-none-eabi/11.2.1/thumb/v7e-m+fp/hard/crtbegin.o
 .text.register_tm_clones
                0x08000dec       0x24 d:/11.2 2022.02/bin/../lib/gcc/arm-none-eabi/11.2.1/thumb/v7e-m+fp/hard/crtbegin.o
 .text.__do_global_dtors_aux
                0x08000e10       0x28 d:/11.2 2022.02/bin/../lib/gcc/arm-none-eabi/11.2.1/thumb/v7e-m+fp/hard/crtbegin.o
 .text.frame_dummy
                0x08000e38       0x24 d:/11.2 2022.02/bin/../lib/gcc/arm-none-eabi/11.2.1/thumb/v7e-m+fp/hard/crtbegin.o
 .text.Error_Handler
                0x08000e5c        0x4 build/main.o
                0x08000e5c                Error_Handler
 .text.SystemClock_Config
                0x08000e60       0xa4 build/main.o
                0x08000e60                SystemClock_Config
 *fill*         0x08000f04        0x4 
 .text.main     0x08000f08      0x158 build/main.o
                0x08000f08                main
 .text.MX_GPIO_Init
                0x08001060       0xd8 build/gpio.o
                0x08001060                MX_GPIO_Init
 .text.NMI_Handler
                0x08001138        0x2 build/stm32f4xx_it.o
                0x08001138                NMI_Handler
 .text.HardFault_Handler
                0x0800113a        0x2 build/stm32f4xx_it.o
                0x0800113a                HardFault_Handler
 .text.MemManage_Handler
                0x0800113c        0x2 build/stm32f4xx_it.o
                0x0800113c                MemManage_Handler
 .text.BusFault_Handler
                0x0800113e        0x2 build/stm32f4xx_it.o
                0x0800113e                BusFault_Handler
 .text.UsageFault_Handler
                0x08001140        0x2 build/stm32f4xx_it.o
                0x08001140                UsageFault_Handler
 .text.SVC_Handler
                0x08001142        0x2 build/stm32f4xx_it.o
                0x08001142                SVC_Handler
 .text.DebugMon_Handler
                0x08001144        0x2 build/stm32f4xx_it.o
                0x08001144                DebugMon_Handler
 .text.PendSV_Handler
                0x08001146        0x2 build/stm32f4xx_it.o
                0x08001146                PendSV_Handler
 .text.SysTick_Handler
                0x08001148        0x8 build/stm32f4xx_it.o
                0x08001148                SysTick_Handler
 .text.DMA1_Stream0_IRQHandler
                0x08001150       0x10 build/stm32f4xx_it.o
                0x08001150                DMA1_Stream0_IRQHandler
 .text.DMA1_Stream2_IRQHandler
                0x08001160       0x10 build/stm32f4xx_it.o
                0x08001160                DMA1_Stream2_IRQHandler
 .text.HAL_MspInit
                0x08001170       0x38 build/stm32f4xx_hal_msp.o
                0x08001170                HAL_MspInit
 .text.TIM_OC1_SetConfig
                0x080011a8       0x70 build/stm32f4xx_hal_tim.o
 .text.TIM_OC3_SetConfig
                0x08001218       0x70 build/stm32f4xx_hal_tim.o
 .text.TIM_OC4_SetConfig
                0x08001288       0x50 build/stm32f4xx_hal_tim.o
 .text.TIM_Base_SetConfig
                0x080012d8       0xc8 build/stm32f4xx_hal_tim.o
                0x080012d8                TIM_Base_SetConfig
 .text.HAL_TIM_PWM_Init
                0x080013a0       0x58 build/stm32f4xx_hal_tim.o
                0x080013a0                HAL_TIM_PWM_Init
 .text.HAL_TIM_Encoder_Init
                0x080013f8       0xb0 build/stm32f4xx_hal_tim.o
                0x080013f8                HAL_TIM_Encoder_Init
 .text.TIM_OC2_SetConfig
                0x080014a8       0x70 build/stm32f4xx_hal_tim.o
                0x080014a8                TIM_OC2_SetConfig
 .text.HAL_TIM_PWM_ConfigChannel
                0x08001518       0xdc build/stm32f4xx_hal_tim.o
                0x08001518                HAL_TIM_PWM_ConfigChannel
 .text.TIM_CCxChannelCmd
                0x080015f4       0x1e build/stm32f4xx_hal_tim.o
                0x080015f4                TIM_CCxChannelCmd
 *fill*         0x08001612        0x2 
 .text.HAL_TIM_PWM_Start
                0x08001614      0x104 build/stm32f4xx_hal_tim.o
                0x08001614                HAL_TIM_PWM_Start
 .text.HAL_TIM_Encoder_Start
                0x08001718       0xcc build/stm32f4xx_hal_tim.o
                0x08001718                HAL_TIM_Encoder_Start
 .text.HAL_TIMEx_MasterConfigSynchronization
                0x080017e4       0x8c build/stm32f4xx_hal_tim_ex.o
                0x080017e4                HAL_TIMEx_MasterConfigSynchronization
 .text.HAL_RCC_OscConfig
                0x08001870      0x3f8 build/stm32f4xx_hal_rcc.o
                0x08001870                HAL_RCC_OscConfig
 .text.HAL_RCC_GetSysClockFreq
                0x08001c68       0xa8 build/stm32f4xx_hal_rcc.o
                0x08001c68                HAL_RCC_GetSysClockFreq
 .text.HAL_RCC_ClockConfig
                0x08001d10      0x160 build/stm32f4xx_hal_rcc.o
                0x08001d10                HAL_RCC_ClockConfig
 .text.HAL_RCC_GetHCLKFreq
                0x08001e70        0xc build/stm32f4xx_hal_rcc.o
                0x08001e70                HAL_RCC_GetHCLKFreq
 .text.HAL_RCC_GetPCLK1Freq
                0x08001e7c       0x20 build/stm32f4xx_hal_rcc.o
                0x08001e7c                HAL_RCC_GetPCLK1Freq
 .text.HAL_RCC_GetPCLK2Freq
                0x08001e9c       0x20 build/stm32f4xx_hal_rcc.o
                0x08001e9c                HAL_RCC_GetPCLK2Freq
 .text.HAL_GPIO_Init
                0x08001ebc      0x1ec build/stm32f4xx_hal_gpio.o
                0x08001ebc                HAL_GPIO_Init
 .text.HAL_GPIO_WritePin
                0x080020a8        0xc build/stm32f4xx_hal_gpio.o
                0x080020a8                HAL_GPIO_WritePin
 .text.HAL_GPIO_TogglePin
                0x080020b4       0x12 build/stm32f4xx_hal_gpio.o
                0x080020b4                HAL_GPIO_TogglePin
 *fill*         0x080020c6        0x2 
 .text.DMA_CalcBaseAndBitshift
                0x080020c8       0x44 build/stm32f4xx_hal_dma.o
 .text.DMA_CheckFifoParam
                0x0800210c       0x8e build/stm32f4xx_hal_dma.o
 *fill*         0x0800219a        0x2 
 .text.HAL_DMA_Init
                0x0800219c       0xcc build/stm32f4xx_hal_dma.o
                0x0800219c                HAL_DMA_Init
 .text.HAL_DMA_IRQHandler
                0x08002268      0x1dc build/stm32f4xx_hal_dma.o
                0x08002268                HAL_DMA_IRQHandler
 .text.HAL_NVIC_SetPriorityGrouping
                0x08002444       0x24 build/stm32f4xx_hal_cortex.o
                0x08002444                HAL_NVIC_SetPriorityGrouping
 .text.HAL_NVIC_SetPriority
                0x08002468       0x70 build/stm32f4xx_hal_cortex.o
                0x08002468                HAL_NVIC_SetPriority
 .text.HAL_NVIC_EnableIRQ
                0x080024d8       0x1c build/stm32f4xx_hal_cortex.o
                0x080024d8                HAL_NVIC_EnableIRQ
 .text.HAL_SYSTICK_Config
                0x080024f4       0x28 build/stm32f4xx_hal_cortex.o
                0x080024f4                HAL_SYSTICK_Config
 .text.HAL_InitTick
                0x0800251c       0x4c build/stm32f4xx_hal.o
                0x0800251c                HAL_InitTick
 .text.HAL_Init
                0x08002568       0x34 build/stm32f4xx_hal.o
                0x08002568                HAL_Init
 .text.HAL_IncTick
                0x0800259c       0x18 build/stm32f4xx_hal.o
                0x0800259c                HAL_IncTick
 .text.HAL_GetTick
                0x080025b4        0xc build/stm32f4xx_hal.o
                0x080025b4                HAL_GetTick
 .text.SystemInit
                0x080025c0       0x14 build/system_stm32f4xx.o
                0x080025c0                SystemInit
 .text.MX_DMA_Init
                0x080025d4       0x44 build/dma.o
                0x080025d4                MX_DMA_Init
 .text.MX_TIM1_Init
                0x08002618       0x68 build/tim.o
                0x08002618                MX_TIM1_Init
 .text.MX_TIM4_Init
                0x08002680       0x64 build/tim.o
                0x08002680                MX_TIM4_Init
 .text.MX_TIM5_Init
                0x080026e4       0x64 build/tim.o
                0x080026e4                MX_TIM5_Init
 .text.MX_TIM8_Init
                0x08002748       0x64 build/tim.o
                0x08002748                MX_TIM8_Init
 .text.HAL_TIM_Encoder_MspInit
                0x080027ac      0x15c build/tim.o
                0x080027ac                HAL_TIM_Encoder_MspInit
 .text.HAL_TIM_PWM_MspInit
                0x08002908       0x30 build/tim.o
                0x08002908                HAL_TIM_PWM_MspInit
 .text.HAL_TIM_MspPostInit
                0x08002938       0x80 build/tim.o
                0x08002938                HAL_TIM_MspPostInit
 .text.MX_TIM3_Init
                0x080029b8       0xb8 build/tim.o
                0x080029b8                MX_TIM3_Init
 .text.MX_UART4_Init
                0x08002a70       0x34 build/usart.o
                0x08002a70                MX_UART4_Init
 .text.MX_UART5_Init
                0x08002aa4       0x34 build/usart.o
                0x08002aa4                MX_UART5_Init
 .text.MX_USART2_UART_Init
                0x08002ad8       0x34 build/usart.o
                0x08002ad8                MX_USART2_UART_Init
 .text.HAL_UART_MspInit
                0x08002b0c      0x1c4 build/usart.o
                0x08002b0c                HAL_UART_MspInit
 .text.u1_printf
                0x08002cd0       0x38 build/usart.o
                0x08002cd0                u1_printf
 .text.UART_SetConfig
                0x08002d08      0x110 build/stm32f4xx_hal_uart.o
 .text.UART_WaitOnFlagUntilTimeout
                0x08002e18       0x84 build/stm32f4xx_hal_uart.o
 .text.HAL_UART_Init
                0x08002e9c       0x5e build/stm32f4xx_hal_uart.o
                0x08002e9c                HAL_UART_Init
 .text.HAL_UART_Transmit
                0x08002efa       0xd8 build/stm32f4xx_hal_uart.o
                0x08002efa                HAL_UART_Transmit
 .text.pid_output
                0x08002fd2       0xc2 build/pid.o
                0x08002fd2                pid_output
 *fill*         0x08003094        0x4 
 .text.wheel_init
                0x08003098       0xc4 build/pid.o
                0x08003098                wheel_init
 .text.wheel_reverse
                0x0800315c       0x1a build/pid.o
                0x0800315c                wheel_reverse
 .text.wheel_pwm
                0x08003176       0x44 build/pid.o
                0x08003176                wheel_pwm
 *fill*         0x080031ba        0x6 
 .text.wheel_getVel
                0x080031c0       0x50 build/pid.o
                0x080031c0                wheel_getVel
 .text.Reset_Handler
                0x08003210       0x50 build/startup_stm32f407xx.o
                0x08003210                Reset_Handler
 .text.Default_Handler
                0x08003260        0x2 build/startup_stm32f407xx.o
                0x08003260                RTC_Alarm_IRQHandler
                0x08003260                HASH_RNG_IRQHandler
                0x08003260                EXTI2_IRQHandler
                0x08003260                TIM8_CC_IRQHandler
                0x08003260                TIM1_CC_IRQHandler
                0x08003260                DMA2_Stream5_IRQHandler
                0x08003260                DMA1_Stream5_IRQHandler
                0x08003260                PVD_IRQHandler
                0x08003260                SDIO_IRQHandler
                0x08003260                TAMP_STAMP_IRQHandler
                0x08003260                CAN2_RX1_IRQHandler
                0x08003260                EXTI3_IRQHandler
                0x08003260                TIM8_TRG_COM_TIM14_IRQHandler
                0x08003260                TIM1_UP_TIM10_IRQHandler
                0x08003260                TIM8_UP_TIM13_IRQHandler
                0x08003260                I2C3_ER_IRQHandler
                0x08003260                EXTI0_IRQHandler
                0x08003260                I2C2_EV_IRQHandler
                0x08003260                CAN1_RX0_IRQHandler
                0x08003260                FPU_IRQHandler
                0x08003260                OTG_HS_WKUP_IRQHandler
                0x08003260                CAN2_SCE_IRQHandler
                0x08003260                DMA2_Stream2_IRQHandler
                0x08003260                SPI1_IRQHandler
                0x08003260                TIM6_DAC_IRQHandler
                0x08003260                TIM1_BRK_TIM9_IRQHandler
                0x08003260                DCMI_IRQHandler
                0x08003260                CAN2_RX0_IRQHandler
                0x08003260                DMA2_Stream3_IRQHandler
                0x08003260                USART6_IRQHandler
                0x08003260                USART3_IRQHandler
                0x08003260                CAN1_RX1_IRQHandler
                0x08003260                UART5_IRQHandler
                0x08003260                DMA2_Stream0_IRQHandler
                0x08003260                TIM4_IRQHandler
                0x08003260                I2C1_EV_IRQHandler
                0x08003260                DMA1_Stream6_IRQHandler
                0x08003260                DMA1_Stream1_IRQHandler
                0x08003260                UART4_IRQHandler
                0x08003260                TIM3_IRQHandler
                0x08003260                RCC_IRQHandler
                0x08003260                TIM8_BRK_TIM12_IRQHandler
                0x08003260                Default_Handler
                0x08003260                EXTI15_10_IRQHandler
                0x08003260                ADC_IRQHandler
                0x08003260                DMA1_Stream7_IRQHandler
                0x08003260                TIM7_IRQHandler
                0x08003260                CAN2_TX_IRQHandler
                0x08003260                TIM5_IRQHandler
                0x08003260                DMA2_Stream7_IRQHandler
                0x08003260                I2C3_EV_IRQHandler
                0x08003260                EXTI9_5_IRQHandler
                0x08003260                RTC_WKUP_IRQHandler
                0x08003260                ETH_WKUP_IRQHandler
                0x08003260                SPI2_IRQHandler
                0x08003260                OTG_HS_EP1_IN_IRQHandler
                0x08003260                CAN1_TX_IRQHandler
                0x08003260                EXTI4_IRQHandler
                0x08003260                FSMC_IRQHandler
                0x08003260                ETH_IRQHandler
                0x08003260                OTG_HS_EP1_OUT_IRQHandler
                0x08003260                WWDG_IRQHandler
                0x08003260                TIM2_IRQHandler
                0x08003260                OTG_FS_WKUP_IRQHandler
                0x08003260                TIM1_TRG_COM_TIM11_IRQHandler
                0x08003260                OTG_HS_IRQHandler
                0x08003260                EXTI1_IRQHandler
                0x08003260                USART2_IRQHandler
                0x08003260                I2C2_ER_IRQHandler
                0x08003260                DMA2_Stream1_IRQHandler
                0x08003260                CAN1_SCE_IRQHandler
                0x08003260                FLASH_IRQHandler
                0x08003260                DMA2_Stream4_IRQHandler
                0x08003260                USART1_IRQHandler
                0x08003260                OTG_FS_IRQHandler
                0x08003260                SPI3_IRQHandler
                0x08003260                DMA1_Stream4_IRQHandler
                0x08003260                I2C1_ER_IRQHandler
                0x08003260                DMA2_Stream6_IRQHandler
                0x08003260                DMA1_Stream3_IRQHandler
 *fill*         0x08003262        0x2 
 .text.__libc_init_array
                0x08003264       0x48 d:/11.2 2022.02/bin/../lib/gcc/arm-none-eabi/11.2.1/thumb/v7e-m+fp/hard\libc.a(lib_a-init.o)
                0x08003264                __libc_init_array
 .text.memset   0x080032ac       0xa4 d:/11.2 2022.02/bin/../lib/gcc/arm-none-eabi/11.2.1/thumb/v7e-m+fp/hard\libc.a(lib_a-memset.o)
                0x080032ac                memset
 .text.vsprintf
                0x08003350       0x38 d:/11.2 2022.02/bin/../lib/gcc/arm-none-eabi/11.2.1/thumb/v7e-m+fp/hard\libc.a(lib_a-vsprintf.o)
                0x08003350                vsprintf
 .text._svfprintf_r
                0x08003388     0x1be0 d:/11.2 2022.02/bin/../lib/gcc/arm-none-eabi/11.2.1/thumb/v7e-m+fp/hard\libc.a(lib_a-svfprintf.o)
                0x08003388                _svfprintf_r
 .text._wcrtomb_r
                0x08004f68       0x4c d:/11.2 2022.02/bin/../lib/gcc/arm-none-eabi/11.2.1/thumb/v7e-m+fp/hard\libc.a(lib_a-wcrtomb.o)
                0x08004f68                _wcrtomb_r
 .text._wcsrtombs_r
                0x08004fb4       0x18 d:/11.2 2022.02/bin/../lib/gcc/arm-none-eabi/11.2.1/thumb/v7e-m+fp/hard\libc.a(lib_a-wcsrtombs.o)
                0x08004fb4                _wcsrtombs_r
 .text.quorem   0x08004fcc      0x128 d:/11.2 2022.02/bin/../lib/gcc/arm-none-eabi/11.2.1/thumb/v7e-m+fp/hard\libc.a(lib_a-dtoa.o)
 *fill*         0x080050f4        0x4 
 .text._dtoa_r  0x080050f8      0xf3c d:/11.2 2022.02/bin/../lib/gcc/arm-none-eabi/11.2.1/thumb/v7e-m+fp/hard\libc.a(lib_a-dtoa.o)
                0x080050f8                _dtoa_r
 .text._malloc_trim_r
                0x08006034       0xa0 d:/11.2 2022.02/bin/../lib/gcc/arm-none-eabi/11.2.1/thumb/v7e-m+fp/hard\libc.a(lib_a-freer.o)
                0x08006034                _malloc_trim_r
 .text._free_r  0x080060d4      0x20c d:/11.2 2022.02/bin/../lib/gcc/arm-none-eabi/11.2.1/thumb/v7e-m+fp/hard\libc.a(lib_a-freer.o)
                0x080060d4                _free_r
 .text._localeconv_r
                0x080062e0        0x8 d:/11.2 2022.02/bin/../lib/gcc/arm-none-eabi/11.2.1/thumb/v7e-m+fp/hard\libc.a(lib_a-localeconv.o)
                0x080062e0                _localeconv_r
 .text.__locale_mb_cur_max
                0x080062e8        0xc d:/11.2 2022.02/bin/../lib/gcc/arm-none-eabi/11.2.1/thumb/v7e-m+fp/hard\libc.a(lib_a-locale.o)
                0x080062e8                __locale_mb_cur_max
 .text._malloc_r
                0x080062f4      0x560 d:/11.2 2022.02/bin/../lib/gcc/arm-none-eabi/11.2.1/thumb/v7e-m+fp/hard\libc.a(lib_a-mallocr.o)
                0x080062f4                _malloc_r
 .text.__ascii_mbtowc
                0x08006854       0x2c d:/11.2 2022.02/bin/../lib/gcc/arm-none-eabi/11.2.1/thumb/v7e-m+fp/hard\libc.a(lib_a-mbtowc_r.o)
                0x08006854                __ascii_mbtowc
 .text.__malloc_lock
                0x08006880        0x4 d:/11.2 2022.02/bin/../lib/gcc/arm-none-eabi/11.2.1/thumb/v7e-m+fp/hard\libc.a(lib_a-mlock.o)
                0x08006880                __malloc_lock
 .text.__malloc_unlock
                0x08006884        0x4 d:/11.2 2022.02/bin/../lib/gcc/arm-none-eabi/11.2.1/thumb/v7e-m+fp/hard\libc.a(lib_a-mlock.o)
                0x08006884                __malloc_unlock
 .text._Balloc  0x08006888       0x4c d:/11.2 2022.02/bin/../lib/gcc/arm-none-eabi/11.2.1/thumb/v7e-m+fp/hard\libc.a(lib_a-mprec.o)
                0x08006888                _Balloc
 .text._Bfree   0x080068d4       0x14 d:/11.2 2022.02/bin/../lib/gcc/arm-none-eabi/11.2.1/thumb/v7e-m+fp/hard\libc.a(lib_a-mprec.o)
                0x080068d4                _Bfree
 .text.__multadd
                0x080068e8       0xa4 d:/11.2 2022.02/bin/../lib/gcc/arm-none-eabi/11.2.1/thumb/v7e-m+fp/hard\libc.a(lib_a-mprec.o)
                0x080068e8                __multadd
 .text.__hi0bits
                0x0800698c       0x40 d:/11.2 2022.02/bin/../lib/gcc/arm-none-eabi/11.2.1/thumb/v7e-m+fp/hard\libc.a(lib_a-mprec.o)
                0x0800698c                __hi0bits
 .text.__lo0bits
                0x080069cc       0x60 d:/11.2 2022.02/bin/../lib/gcc/arm-none-eabi/11.2.1/thumb/v7e-m+fp/hard\libc.a(lib_a-mprec.o)
                0x080069cc                __lo0bits
 .text.__i2b    0x08006a2c       0x5c d:/11.2 2022.02/bin/../lib/gcc/arm-none-eabi/11.2.1/thumb/v7e-m+fp/hard\libc.a(lib_a-mprec.o)
                0x08006a2c                __i2b
 .text.__multiply
                0x08006a88      0x15c d:/11.2 2022.02/bin/../lib/gcc/arm-none-eabi/11.2.1/thumb/v7e-m+fp/hard\libc.a(lib_a-mprec.o)
                0x08006a88                __multiply
 .text.__pow5mult
                0x08006be4       0xc0 d:/11.2 2022.02/bin/../lib/gcc/arm-none-eabi/11.2.1/thumb/v7e-m+fp/hard\libc.a(lib_a-mprec.o)
                0x08006be4                __pow5mult
 .text.__lshift
                0x08006ca4       0xf0 d:/11.2 2022.02/bin/../lib/gcc/arm-none-eabi/11.2.1/thumb/v7e-m+fp/hard\libc.a(lib_a-mprec.o)
                0x08006ca4                __lshift
 .text.__mcmp   0x08006d94       0x44 d:/11.2 2022.02/bin/../lib/gcc/arm-none-eabi/11.2.1/thumb/v7e-m+fp/hard\libc.a(lib_a-mprec.o)
                0x08006d94                __mcmp
 .text.__mdiff  0x08006dd8      0x154 d:/11.2 2022.02/bin/../lib/gcc/arm-none-eabi/11.2.1/thumb/v7e-m+fp/hard\libc.a(lib_a-mprec.o)
                0x08006dd8                __mdiff
 .text.__d2b    0x08006f2c       0xd4 d:/11.2 2022.02/bin/../lib/gcc/arm-none-eabi/11.2.1/thumb/v7e-m+fp/hard\libc.a(lib_a-mprec.o)
                0x08006f2c                __d2b
 .text._sbrk_r  0x08007000       0x24 d:/11.2 2022.02/bin/../lib/gcc/arm-none-eabi/11.2.1/thumb/v7e-m+fp/hard\libc.a(lib_a-sbrkr.o)
                0x08007000                _sbrk_r
 .text.frexp    0x08007024       0x6c d:/11.2 2022.02/bin/../lib/gcc/arm-none-eabi/11.2.1/thumb/v7e-m+fp/hard\libc.a(lib_a-s_frexp.o)
                0x08007024                frexp
 .text.strncpy  0x08007090       0x64 d:/11.2 2022.02/bin/../lib/gcc/arm-none-eabi/11.2.1/thumb/v7e-m+fp/hard\libc.a(lib_a-strncpy.o)
                0x08007090                strncpy
 .text.__ssprint_r
                0x080070f4      0x100 d:/11.2 2022.02/bin/../lib/gcc/arm-none-eabi/11.2.1/thumb/v7e-m+fp/hard\libc.a(lib_a-svfiprintf.o)
                0x080070f4                __ssprint_r
 .text._wcsnrtombs_l
                0x080071f4      0x108 d:/11.2 2022.02/bin/../lib/gcc/arm-none-eabi/11.2.1/thumb/v7e-m+fp/hard\libc.a(lib_a-wcsnrtombs.o)
                0x080071f4                _wcsnrtombs_l
 .text._wcsnrtombs_r
                0x080072fc       0x24 d:/11.2 2022.02/bin/../lib/gcc/arm-none-eabi/11.2.1/thumb/v7e-m+fp/hard\libc.a(lib_a-wcsnrtombs.o)
                0x080072fc                _wcsnrtombs_r
 .text.__ascii_wctomb
                0x08007320       0x1c d:/11.2 2022.02/bin/../lib/gcc/arm-none-eabi/11.2.1/thumb/v7e-m+fp/hard\libc.a(lib_a-wctomb_r.o)
                0x08007320                __ascii_wctomb
 .text.__assert_func
                0x0800733c       0x40 d:/11.2 2022.02/bin/../lib/gcc/arm-none-eabi/11.2.1/thumb/v7e-m+fp/hard\libc.a(lib_a-assert.o)
                0x0800733c                __assert_func
 .text._calloc_r
                0x0800737c       0x78 d:/11.2 2022.02/bin/../lib/gcc/arm-none-eabi/11.2.1/thumb/v7e-m+fp/hard\libc.a(lib_a-callocr.o)
                0x0800737c                _calloc_r
 .text.__errno  0x080073f4        0xc d:/11.2 2022.02/bin/../lib/gcc/arm-none-eabi/11.2.1/thumb/v7e-m+fp/hard\libc.a(lib_a-errno.o)
                0x080073f4                __errno
 .text.fiprintf
                0x08007400       0x28 d:/11.2 2022.02/bin/../lib/gcc/arm-none-eabi/11.2.1/thumb/v7e-m+fp/hard\libc.a(lib_a-fiprintf.o)
                0x08007400                fiprintf
 .text.memmove  0x08007428       0xf8 d:/11.2 2022.02/bin/../lib/gcc/arm-none-eabi/11.2.1/thumb/v7e-m+fp/hard\libc.a(lib_a-memmove.o)
                0x08007428                memmove
 .text._realloc_r
                0x08007520      0x3d8 d:/11.2 2022.02/bin/../lib/gcc/arm-none-eabi/11.2.1/thumb/v7e-m+fp/hard\libc.a(lib_a-reallocr.o)
                0x08007520                _realloc_r
 .text.__sprint_r.part.0
                0x080078f8       0x78 d:/11.2 2022.02/bin/../lib/gcc/arm-none-eabi/11.2.1/thumb/v7e-m+fp/hard\libc.a(lib_a-vfiprintf.o)
 .text._vfiprintf_r
                0x08007970      0xef0 d:/11.2 2022.02/bin/../lib/gcc/arm-none-eabi/11.2.1/thumb/v7e-m+fp/hard\libc.a(lib_a-vfiprintf.o)
                0x08007970                _vfiprintf_r
 .text.__sbprintf
                0x08008860       0x6c d:/11.2 2022.02/bin/../lib/gcc/arm-none-eabi/11.2.1/thumb/v7e-m+fp/hard\libc.a(lib_a-vfiprintf.o)
 .text.__swsetup_r
                0x080088cc       0xd4 d:/11.2 2022.02/bin/../lib/gcc/arm-none-eabi/11.2.1/thumb/v7e-m+fp/hard\libc.a(lib_a-wsetup.o)
                0x080088cc                __swsetup_r
 .text.abort    0x080089a0       0x10 d:/11.2 2022.02/bin/../lib/gcc/arm-none-eabi/11.2.1/thumb/v7e-m+fp/hard\libc.a(lib_a-abort.o)
                0x080089a0                abort
 .text.__sflush_r
                0x080089b0      0x130 d:/11.2 2022.02/bin/../lib/gcc/arm-none-eabi/11.2.1/thumb/v7e-m+fp/hard\libc.a(lib_a-fflush.o)
                0x080089b0                __sflush_r
 .text._fflush_r
                0x08008ae0       0x2c d:/11.2 2022.02/bin/../lib/gcc/arm-none-eabi/11.2.1/thumb/v7e-m+fp/hard\libc.a(lib_a-fflush.o)
                0x08008ae0                _fflush_r
 .text._cleanup_r
                0x08008b0c        0xc d:/11.2 2022.02/bin/../lib/gcc/arm-none-eabi/11.2.1/thumb/v7e-m+fp/hard\libc.a(lib_a-findfp.o)
                0x08008b0c                _cleanup_r
 .text.__sinit.part.0
                0x08008b18       0xd8 d:/11.2 2022.02/bin/../lib/gcc/arm-none-eabi/11.2.1/thumb/v7e-m+fp/hard\libc.a(lib_a-findfp.o)
 .text.__sinit  0x08008bf0        0xc d:/11.2 2022.02/bin/../lib/gcc/arm-none-eabi/11.2.1/thumb/v7e-m+fp/hard\libc.a(lib_a-findfp.o)
                0x08008bf0                __sinit
 .text.__sfp_lock_acquire
                0x08008bfc        0x4 d:/11.2 2022.02/bin/../lib/gcc/arm-none-eabi/11.2.1/thumb/v7e-m+fp/hard\libc.a(lib_a-findfp.o)
                0x08008bfc                __sfp_lock_acquire
 .text.__sfp_lock_release
                0x08008c00        0x4 d:/11.2 2022.02/bin/../lib/gcc/arm-none-eabi/11.2.1/thumb/v7e-m+fp/hard\libc.a(lib_a-findfp.o)
                0x08008c00                __sfp_lock_release
 .text.__fputwc
                0x08008c04       0xa8 d:/11.2 2022.02/bin/../lib/gcc/arm-none-eabi/11.2.1/thumb/v7e-m+fp/hard\libc.a(lib_a-fputwc.o)
                0x08008c04                __fputwc
 .text._fputwc_r
                0x08008cac       0x28 d:/11.2 2022.02/bin/../lib/gcc/arm-none-eabi/11.2.1/thumb/v7e-m+fp/hard\libc.a(lib_a-fputwc.o)
                0x08008cac                _fputwc_r
 .text.__sfvwrite_r
                0x08008cd4      0x2f4 d:/11.2 2022.02/bin/../lib/gcc/arm-none-eabi/11.2.1/thumb/v7e-m+fp/hard\libc.a(lib_a-fvwrite.o)
                0x08008cd4                __sfvwrite_r
 .text._fwalk_reent
                0x08008fc8       0x48 d:/11.2 2022.02/bin/../lib/gcc/arm-none-eabi/11.2.1/thumb/v7e-m+fp/hard\libc.a(lib_a-fwalk.o)
                0x08008fc8                _fwalk_reent
 .text.__smakebuf_r
                0x08009010       0xe0 d:/11.2 2022.02/bin/../lib/gcc/arm-none-eabi/11.2.1/thumb/v7e-m+fp/hard\libc.a(lib_a-makebuf.o)
                0x08009010                __smakebuf_r
 .text.raise    0x080090f0       0x5c d:/11.2 2022.02/bin/../lib/gcc/arm-none-eabi/11.2.1/thumb/v7e-m+fp/hard\libc.a(lib_a-signal.o)
                0x080090f0                raise
 .text._kill_r  0x0800914c       0x2c d:/11.2 2022.02/bin/../lib/gcc/arm-none-eabi/11.2.1/thumb/v7e-m+fp/hard\libc.a(lib_a-signalr.o)
                0x0800914c                _kill_r
 .text._getpid_r
                0x08009178        0x4 d:/11.2 2022.02/bin/../lib/gcc/arm-none-eabi/11.2.1/thumb/v7e-m+fp/hard\libc.a(lib_a-signalr.o)
                0x08009178                _getpid_r
 .text.__sread  0x0800917c       0x24 d:/11.2 2022.02/bin/../lib/gcc/arm-none-eabi/11.2.1/thumb/v7e-m+fp/hard\libc.a(lib_a-stdio.o)
                0x0800917c                __sread
 .text.__swrite
                0x080091a0       0x40 d:/11.2 2022.02/bin/../lib/gcc/arm-none-eabi/11.2.1/thumb/v7e-m+fp/hard\libc.a(lib_a-stdio.o)
                0x080091a0                __swrite
 .text.__sseek  0x080091e0       0x20 d:/11.2 2022.02/bin/../lib/gcc/arm-none-eabi/11.2.1/thumb/v7e-m+fp/hard\libc.a(lib_a-stdio.o)
                0x080091e0                __sseek
 .text.__sclose
                0x08009200        0x8 d:/11.2 2022.02/bin/../lib/gcc/arm-none-eabi/11.2.1/thumb/v7e-m+fp/hard\libc.a(lib_a-stdio.o)
                0x08009200                __sclose
 .text.__swbuf_r
                0x08009208       0xb0 d:/11.2 2022.02/bin/../lib/gcc/arm-none-eabi/11.2.1/thumb/v7e-m+fp/hard\libc.a(lib_a-wbuf.o)
                0x08009208                __swbuf_r
 .text._write_r
                0x080092b8       0x2c d:/11.2 2022.02/bin/../lib/gcc/arm-none-eabi/11.2.1/thumb/v7e-m+fp/hard\libc.a(lib_a-writer.o)
                0x080092b8                _write_r
 .text._close_r
                0x080092e4       0x24 d:/11.2 2022.02/bin/../lib/gcc/arm-none-eabi/11.2.1/thumb/v7e-m+fp/hard\libc.a(lib_a-closer.o)
                0x080092e4                _close_r
 .text._fclose_r
                0x08009308       0x88 d:/11.2 2022.02/bin/../lib/gcc/arm-none-eabi/11.2.1/thumb/v7e-m+fp/hard\libc.a(lib_a-fclose.o)
                0x08009308                _fclose_r
 .text._fstat_r
                0x08009390       0x2c d:/11.2 2022.02/bin/../lib/gcc/arm-none-eabi/11.2.1/thumb/v7e-m+fp/hard\libc.a(lib_a-fstatr.o)
                0x08009390                _fstat_r
 .text._isatty_r
                0x080093bc       0x24 d:/11.2 2022.02/bin/../lib/gcc/arm-none-eabi/11.2.1/thumb/v7e-m+fp/hard\libc.a(lib_a-isattyr.o)
                0x080093bc                _isatty_r
 .text._lseek_r
                0x080093e0       0x2c d:/11.2 2022.02/bin/../lib/gcc/arm-none-eabi/11.2.1/thumb/v7e-m+fp/hard\libc.a(lib_a-lseekr.o)
                0x080093e0                _lseek_r
 .text._read_r  0x0800940c       0x2c d:/11.2 2022.02/bin/../lib/gcc/arm-none-eabi/11.2.1/thumb/v7e-m+fp/hard\libc.a(lib_a-readr.o)
                0x0800940c                _read_r
 .text._close   0x08009438       0x10 d:/11.2 2022.02/bin/../lib/gcc/arm-none-eabi/11.2.1/thumb/v7e-m+fp/hard\libnosys.a(close.o)
                0x08009438                _close
 .text._fstat   0x08009448       0x10 d:/11.2 2022.02/bin/../lib/gcc/arm-none-eabi/11.2.1/thumb/v7e-m+fp/hard\libnosys.a(fstat.o)
                0x08009448                _fstat
 .text._getpid  0x08009458       0x10 d:/11.2 2022.02/bin/../lib/gcc/arm-none-eabi/11.2.1/thumb/v7e-m+fp/hard\libnosys.a(getpid.o)
                0x08009458                _getpid
 .text._isatty  0x08009468       0x10 d:/11.2 2022.02/bin/../lib/gcc/arm-none-eabi/11.2.1/thumb/v7e-m+fp/hard\libnosys.a(isatty.o)
                0x08009468                _isatty
 .text._kill    0x08009478       0x10 d:/11.2 2022.02/bin/../lib/gcc/arm-none-eabi/11.2.1/thumb/v7e-m+fp/hard\libnosys.a(kill.o)
                0x08009478                _kill
 .text._lseek   0x08009488       0x10 d:/11.2 2022.02/bin/../lib/gcc/arm-none-eabi/11.2.1/thumb/v7e-m+fp/hard\libnosys.a(lseek.o)
                0x08009488                _lseek
 .text._read    0x08009498       0x10 d:/11.2 2022.02/bin/../lib/gcc/arm-none-eabi/11.2.1/thumb/v7e-m+fp/hard\libnosys.a(read.o)
                0x08009498                _read
 .text._sbrk    0x080094a8       0x1c d:/11.2 2022.02/bin/../lib/gcc/arm-none-eabi/11.2.1/thumb/v7e-m+fp/hard\libnosys.a(sbrk.o)
                0x080094a8                _sbrk
 .text._write   0x080094c4       0x10 d:/11.2 2022.02/bin/../lib/gcc/arm-none-eabi/11.2.1/thumb/v7e-m+fp/hard\libnosys.a(write.o)
                0x080094c4                _write
 .text._exit    0x080094d4        0x4 d:/11.2 2022.02/bin/../lib/gcc/arm-none-eabi/11.2.1/thumb/v7e-m+fp/hard\libnosys.a(_exit.o)
                0x080094d4                _exit
 .text.__udivmoddi4
                0x080094d8      0x2c8 d:/11.2 2022.02/bin/../lib/gcc/arm-none-eabi/11.2.1/thumb/v7e-m+fp/hard\libgcc.a(_udivmoddi4.o)
                0x080094d8                __udivmoddi4
 *(.glue_7)
 .glue_7        0x080097a0        0x0 linker stubs
 *(.glue_7t)
 .glue_7t       0x080097a0        0x0 linker stubs
 *(.eh_frame)
 .eh_frame      0x080097a0        0x0 d:/11.2 2022.02/bin/../lib/gcc/arm-none-eabi/11.2.1/thumb/v7e-m+fp/hard/crtbegin.o
 *(.init)
 .init          0x080097a0        0x4 d:/11.2 2022.02/bin/../lib/gcc/arm-none-eabi/11.2.1/thumb/v7e-m+fp/hard/crti.o
                0x080097a0                _init
 .init          0x080097a4        0x8 d:/11.2 2022.02/bin/../lib/gcc/arm-none-eabi/11.2.1/thumb/v7e-m+fp/hard/crtn.o
 *(.fini)
 .fini          0x080097ac        0x4 d:/11.2 2022.02/bin/../lib/gcc/arm-none-eabi/11.2.1/thumb/v7e-m+fp/hard/crti.o
                0x080097ac                _fini
 .fini          0x080097b0        0x8 d:/11.2 2022.02/bin/../lib/gcc/arm-none-eabi/11.2.1/thumb/v7e-m+fp/hard/crtn.o
                0x080097b8                . = ALIGN (0x4)
                0x080097b8                _etext = .

.vfp11_veneer   0x080097b8        0x0
 .vfp11_veneer  0x080097b8        0x0 linker stubs

.v4_bx          0x080097b8        0x0
 .v4_bx         0x080097b8        0x0 linker stubs

.iplt           0x080097b8        0x0
 .iplt          0x080097b8        0x0 d:/11.2 2022.02/bin/../lib/gcc/arm-none-eabi/11.2.1/thumb/v7e-m+fp/hard/crtbegin.o

.rodata         0x080097b8      0x410
                0x080097b8                . = ALIGN (0x4)
 *(.rodata)
 *(.rodata*)
 .rodata.main.str1.4
                0x080097b8        0x7 build/main.o
 *fill*         0x080097bf        0x1 
 .rodata.flagBitshiftOffset.0
                0x080097c0        0x8 build/stm32f4xx_hal_dma.o
 .rodata.AHBPrescTable
                0x080097c8       0x10 build/system_stm32f4xx.o
                0x080097c8                AHBPrescTable
 .rodata.APBPrescTable
                0x080097d8        0x8 build/system_stm32f4xx.o
                0x080097d8                APBPrescTable
 .rodata._svfprintf_r.str1.4
                0x080097e0       0x42 d:/11.2 2022.02/bin/../lib/gcc/arm-none-eabi/11.2.1/thumb/v7e-m+fp/hard\libc.a(lib_a-svfprintf.o)
 *fill*         0x08009822        0x2 
 .rodata.blanks.1
                0x08009824       0x10 d:/11.2 2022.02/bin/../lib/gcc/arm-none-eabi/11.2.1/thumb/v7e-m+fp/hard\libc.a(lib_a-svfprintf.o)
 .rodata.zeroes.0
                0x08009834       0x10 d:/11.2 2022.02/bin/../lib/gcc/arm-none-eabi/11.2.1/thumb/v7e-m+fp/hard\libc.a(lib_a-svfprintf.o)
 .rodata._dtoa_r.str1.4
                0x08009844       0x7d d:/11.2 2022.02/bin/../lib/gcc/arm-none-eabi/11.2.1/thumb/v7e-m+fp/hard\libc.a(lib_a-dtoa.o)
                                 0x81 (size before relaxing)
 *fill*         0x080098c1        0x3 
 .rodata.str1.4
                0x080098c4       0x48 d:/11.2 2022.02/bin/../lib/gcc/arm-none-eabi/11.2.1/thumb/v7e-m+fp/hard\libc.a(lib_a-locale.o)
                                 0x4c (size before relaxing)
 .rodata.__multadd.str1.4
                0x0800990c       0x5a d:/11.2 2022.02/bin/../lib/gcc/arm-none-eabi/11.2.1/thumb/v7e-m+fp/hard\libc.a(lib_a-mprec.o)
                                 0x6e (size before relaxing)
 *fill*         0x08009966        0x2 
 .rodata.__mprec_bigtens
                0x08009968       0x28 d:/11.2 2022.02/bin/../lib/gcc/arm-none-eabi/11.2.1/thumb/v7e-m+fp/hard\libc.a(lib_a-mprec.o)
                0x08009968                __mprec_bigtens
 .rodata.__mprec_tens
                0x08009990       0xc8 d:/11.2 2022.02/bin/../lib/gcc/arm-none-eabi/11.2.1/thumb/v7e-m+fp/hard\libc.a(lib_a-mprec.o)
                0x08009990                __mprec_tens
 .rodata.p05.0  0x08009a58        0xc d:/11.2 2022.02/bin/../lib/gcc/arm-none-eabi/11.2.1/thumb/v7e-m+fp/hard\libc.a(lib_a-mprec.o)
 .rodata.__assert_func.str1.4
                0x08009a64       0x3f d:/11.2 2022.02/bin/../lib/gcc/arm-none-eabi/11.2.1/thumb/v7e-m+fp/hard\libc.a(lib_a-assert.o)
                                 0x43 (size before relaxing)
 *fill*         0x08009aa3        0x1 
 .rodata._ctype_
                0x08009aa4      0x101 d:/11.2 2022.02/bin/../lib/gcc/arm-none-eabi/11.2.1/thumb/v7e-m+fp/hard\libc.a(lib_a-ctype_.o)
                0x08009aa4                _ctype_
 .rodata._vfiprintf_r.str1.4
                0x08009ba5       0x2f d:/11.2 2022.02/bin/../lib/gcc/arm-none-eabi/11.2.1/thumb/v7e-m+fp/hard\libc.a(lib_a-vfiprintf.o)
 *fill*         0x08009ba5        0x3 
 .rodata.blanks.1
                0x08009ba8       0x10 d:/11.2 2022.02/bin/../lib/gcc/arm-none-eabi/11.2.1/thumb/v7e-m+fp/hard\libc.a(lib_a-vfiprintf.o)
 .rodata.zeroes.0
                0x08009bb8       0x10 d:/11.2 2022.02/bin/../lib/gcc/arm-none-eabi/11.2.1/thumb/v7e-m+fp/hard\libc.a(lib_a-vfiprintf.o)
                0x08009bc8                . = ALIGN (0x4)

.ARM.extab
 *(.ARM.extab* .gnu.linkonce.armextab.*)

.ARM            0x08009bc8        0x8
                0x08009bc8                __exidx_start = .
 *(.ARM.exidx*)
 .ARM.exidx.text.__udivmoddi4
                0x08009bc8        0x8 d:/11.2 2022.02/bin/../lib/gcc/arm-none-eabi/11.2.1/thumb/v7e-m+fp/hard\libgcc.a(_udivmoddi4.o)
                0x08009bd0                __exidx_end = .

.rel.dyn        0x08009bd0        0x0
 .rel.iplt      0x08009bd0        0x0 d:/11.2 2022.02/bin/../lib/gcc/arm-none-eabi/11.2.1/thumb/v7e-m+fp/hard/crtbegin.o

.preinit_array  0x08009bd0        0x0
                0x08009bd0                PROVIDE (__preinit_array_start = .)
 *(.preinit_array*)
                0x08009bd0                PROVIDE (__preinit_array_end = .)

.init_array     0x08009bd0        0x4
                0x08009bd0                PROVIDE (__init_array_start = .)
 *(SORT_BY_NAME(.init_array.*))
 *(.init_array*)
 .init_array    0x08009bd0        0x4 d:/11.2 2022.02/bin/../lib/gcc/arm-none-eabi/11.2.1/thumb/v7e-m+fp/hard/crtbegin.o
                0x08009bd4                PROVIDE (__init_array_end = .)

.fini_array     0x08009bd4        0x4
                [!provide]                PROVIDE (__fini_array_start = .)
 *(SORT_BY_NAME(.fini_array.*))
 *(.fini_array*)
 .fini_array    0x08009bd4        0x4 d:/11.2 2022.02/bin/../lib/gcc/arm-none-eabi/11.2.1/thumb/v7e-m+fp/hard/crtbegin.o
                [!provide]                PROVIDE (__fini_array_end = .)
                0x08009bd8                _sidata = LOADADDR (.data)

.data           0x20000000      0x9b4 load address 0x08009bd8
                0x20000000                . = ALIGN (0x4)
                0x20000000                _sdata = .
 *(.data)
 *(.data*)
 .data.uwTickFreq
                0x20000000        0x1 build/stm32f4xx_hal.o
                0x20000000                uwTickFreq
 *fill*         0x20000001        0x3 
 .data.uwTickPrio
                0x20000004        0x4 build/stm32f4xx_hal.o
                0x20000004                uwTickPrio
 .data.SystemCoreClock
                0x20000008        0x4 build/system_stm32f4xx.o
                0x20000008                SystemCoreClock
 .data._impure_ptr
                0x2000000c        0x4 d:/11.2 2022.02/bin/../lib/gcc/arm-none-eabi/11.2.1/thumb/v7e-m+fp/hard\libc.a(lib_a-impure.o)
                0x2000000c                _impure_ptr
 .data.impure_data
                0x20000010      0x428 d:/11.2 2022.02/bin/../lib/gcc/arm-none-eabi/11.2.1/thumb/v7e-m+fp/hard\libc.a(lib_a-impure.o)
 .data.__global_locale
                0x20000438      0x16c d:/11.2 2022.02/bin/../lib/gcc/arm-none-eabi/11.2.1/thumb/v7e-m+fp/hard\libc.a(lib_a-locale.o)
                0x20000438                __global_locale
 .data.__malloc_av_
                0x200005a4      0x408 d:/11.2 2022.02/bin/../lib/gcc/arm-none-eabi/11.2.1/thumb/v7e-m+fp/hard\libc.a(lib_a-mallocr.o)
                0x200005a4                __malloc_av_
 .data.__malloc_sbrk_base
                0x200009ac        0x4 d:/11.2 2022.02/bin/../lib/gcc/arm-none-eabi/11.2.1/thumb/v7e-m+fp/hard\libc.a(lib_a-mallocr.o)
                0x200009ac                __malloc_sbrk_base
 .data.__malloc_trim_threshold
                0x200009b0        0x4 d:/11.2 2022.02/bin/../lib/gcc/arm-none-eabi/11.2.1/thumb/v7e-m+fp/hard\libc.a(lib_a-mallocr.o)
                0x200009b0                __malloc_trim_threshold
                0x200009b4                . = ALIGN (0x4)
                0x200009b4                _edata = .
                0x0800a58c                _siccmram = LOADADDR (.ccmram)

.tm_clone_table
                0x200009b4        0x0 load address 0x0800a58c
 .tm_clone_table
                0x200009b4        0x0 d:/11.2 2022.02/bin/../lib/gcc/arm-none-eabi/11.2.1/thumb/v7e-m+fp/hard/crtbegin.o
 .tm_clone_table
                0x200009b4        0x0 d:/11.2 2022.02/bin/../lib/gcc/arm-none-eabi/11.2.1/thumb/v7e-m+fp/hard/crtend.o

.igot.plt       0x200009b4        0x0 load address 0x0800a58c
 .igot.plt      0x200009b4        0x0 d:/11.2 2022.02/bin/../lib/gcc/arm-none-eabi/11.2.1/thumb/v7e-m+fp/hard/crtbegin.o

.ccmram         0x10000000        0x0 load address 0x0800a58c
                0x10000000                . = ALIGN (0x4)
                0x10000000                _sccmram = .
 *(.ccmram)
 *(.ccmram*)
                0x10000000                . = ALIGN (0x4)
                0x10000000                _eccmram = .
                0x10000000                . = ALIGN (0x4)

.bss            0x200009b8      0x4b4
                0x200009b8                _sbss = .
                0x200009b8                __bss_start__ = _sbss
 *(.bss)
 *(.bss*)
 .bss.completed.1
                0x200009b8        0x1 d:/11.2 2022.02/bin/../lib/gcc/arm-none-eabi/11.2.1/thumb/v7e-m+fp/hard/crtbegin.o
 *fill*         0x200009b9        0x3 
 .bss.object.0  0x200009bc       0x18 d:/11.2 2022.02/bin/../lib/gcc/arm-none-eabi/11.2.1/thumb/v7e-m+fp/hard/crtbegin.o
 *fill*         0x200009d4        0x4 
 .bss.wheel_lb  0x200009d8       0x58 build/main.o
                0x200009d8                wheel_lb
 .bss.wheel_lf  0x20000a30       0x58 build/main.o
                0x20000a30                wheel_lf
 .bss.wheel_rb  0x20000a88       0x58 build/main.o
                0x20000a88                wheel_rb
 .bss.wheel_rf  0x20000ae0       0x58 build/main.o
                0x20000ae0                wheel_rf
 .bss.uwTick    0x20000b38        0x4 build/stm32f4xx_hal.o
                0x20000b38                uwTick
 .bss.htim1     0x20000b3c       0x48 build/tim.o
                0x20000b3c                htim1
 .bss.htim3     0x20000b84       0x48 build/tim.o
                0x20000b84                htim3
 .bss.htim4     0x20000bcc       0x48 build/tim.o
                0x20000bcc                htim4
 .bss.htim5     0x20000c14       0x48 build/tim.o
                0x20000c14                htim5
 .bss.htim8     0x20000c5c       0x48 build/tim.o
                0x20000c5c                htim8
 .bss.hdma_uart4_rx
                0x20000ca4       0x60 build/usart.o
                0x20000ca4                hdma_uart4_rx
 .bss.hdma_uart5_rx
                0x20000d04       0x60 build/usart.o
                0x20000d04                hdma_uart5_rx
 .bss.huart2    0x20000d64       0x44 build/usart.o
                0x20000d64                huart2
 .bss.huart4    0x20000da8       0x44 build/usart.o
                0x20000da8                huart4
 .bss.huart5    0x20000dec       0x44 build/usart.o
                0x20000dec                huart5
 .bss.__malloc_current_mallinfo
                0x20000e30       0x28 d:/11.2 2022.02/bin/../lib/gcc/arm-none-eabi/11.2.1/thumb/v7e-m+fp/hard\libc.a(lib_a-mallocr.o)
                0x20000e30                __malloc_current_mallinfo
 .bss.__malloc_max_sbrked_mem
                0x20000e58        0x4 d:/11.2 2022.02/bin/../lib/gcc/arm-none-eabi/11.2.1/thumb/v7e-m+fp/hard\libc.a(lib_a-mallocr.o)
                0x20000e58                __malloc_max_sbrked_mem
 .bss.__malloc_max_total_mem
                0x20000e5c        0x4 d:/11.2 2022.02/bin/../lib/gcc/arm-none-eabi/11.2.1/thumb/v7e-m+fp/hard\libc.a(lib_a-mallocr.o)
                0x20000e5c                __malloc_max_total_mem
 .bss.__malloc_top_pad
                0x20000e60        0x4 d:/11.2 2022.02/bin/../lib/gcc/arm-none-eabi/11.2.1/thumb/v7e-m+fp/hard\libc.a(lib_a-mallocr.o)
                0x20000e60                __malloc_top_pad
 .bss.errno     0x20000e64        0x4 d:/11.2 2022.02/bin/../lib/gcc/arm-none-eabi/11.2.1/thumb/v7e-m+fp/hard\libc.a(lib_a-reent.o)
                0x20000e64                errno
 .bss.heap_end.0
                0x20000e68        0x4 d:/11.2 2022.02/bin/../lib/gcc/arm-none-eabi/11.2.1/thumb/v7e-m+fp/hard\libnosys.a(sbrk.o)
 *(COMMON)
                0x20000e6c                . = ALIGN (0x4)
                0x20000e6c                _ebss = .
                0x20000e6c                __bss_end__ = _ebss

._user_heap_stack
                0x20000e6c      0x604
                0x20000e70                . = ALIGN (0x8)
 *fill*         0x20000e6c        0x4 
                0x20000e70                PROVIDE (end = .)
                [!provide]                PROVIDE (_end = .)
                0x20001070                . = (. + _Min_Heap_Size)
 *fill*         0x20000e70      0x200 
                0x20001470                . = (. + _Min_Stack_Size)
 *fill*         0x20001070      0x400 
                0x20001470                . = ALIGN (0x8)

/DISCARD/
 libc.a(*)
 libm.a(*)
 libgcc.a(*)

.ARM.attributes
                0x00000000       0x30
 *(.ARM.attributes)
 .ARM.attributes
                0x00000000       0x1e d:/11.2 2022.02/bin/../lib/gcc/arm-none-eabi/11.2.1/thumb/v7e-m+fp/hard/crti.o
 .ARM.attributes
                0x0000001e       0x34 d:/11.2 2022.02/bin/../lib/gcc/arm-none-eabi/11.2.1/thumb/v7e-m+fp/hard/crtbegin.o
 .ARM.attributes
                0x00000052       0x34 build/main.o
 .ARM.attributes
                0x00000086       0x34 build/gpio.o
 .ARM.attributes
                0x000000ba       0x34 build/stm32f4xx_it.o
 .ARM.attributes
                0x000000ee       0x34 build/stm32f4xx_hal_msp.o
 .ARM.attributes
                0x00000122       0x34 build/stm32f4xx_hal_tim.o
 .ARM.attributes
                0x00000156       0x34 build/stm32f4xx_hal_tim_ex.o
 .ARM.attributes
                0x0000018a       0x34 build/stm32f4xx_hal_rcc.o
 .ARM.attributes
                0x000001be       0x34 build/stm32f4xx_hal_gpio.o
 .ARM.attributes
                0x000001f2       0x34 build/stm32f4xx_hal_dma.o
 .ARM.attributes
                0x00000226       0x34 build/stm32f4xx_hal_cortex.o
 .ARM.attributes
                0x0000025a       0x34 build/stm32f4xx_hal.o
 .ARM.attributes
                0x0000028e       0x34 build/system_stm32f4xx.o
 .ARM.attributes
                0x000002c2       0x34 build/dma.o
 .ARM.attributes
                0x000002f6       0x34 build/tim.o
 .ARM.attributes
                0x0000032a       0x34 build/usart.o
 .ARM.attributes
                0x0000035e       0x34 build/stm32f4xx_hal_uart.o
 .ARM.attributes
                0x00000392       0x34 build/pid.o
 .ARM.attributes
                0x000003c6       0x21 build/startup_stm32f407xx.o
 .ARM.attributes
                0x000003e7       0x34 d:/11.2 2022.02/bin/../lib/gcc/arm-none-eabi/11.2.1/thumb/v7e-m+fp/hard\libc.a(lib_a-impure.o)
 .ARM.attributes
                0x0000041b       0x34 d:/11.2 2022.02/bin/../lib/gcc/arm-none-eabi/11.2.1/thumb/v7e-m+fp/hard\libc.a(lib_a-init.o)
 .ARM.attributes
                0x0000044f       0x34 d:/11.2 2022.02/bin/../lib/gcc/arm-none-eabi/11.2.1/thumb/v7e-m+fp/hard\libc.a(lib_a-memset.o)
 .ARM.attributes
                0x00000483       0x1c d:/11.2 2022.02/bin/../lib/gcc/arm-none-eabi/11.2.1/thumb/v7e-m+fp/hard\libc.a(lib_a-strlen.o)
 .ARM.attributes
                0x0000049f       0x34 d:/11.2 2022.02/bin/../lib/gcc/arm-none-eabi/11.2.1/thumb/v7e-m+fp/hard\libc.a(lib_a-vsprintf.o)
 .ARM.attributes
                0x000004d3       0x34 d:/11.2 2022.02/bin/../lib/gcc/arm-none-eabi/11.2.1/thumb/v7e-m+fp/hard\libc.a(lib_a-svfprintf.o)
 .ARM.attributes
                0x00000507       0x34 d:/11.2 2022.02/bin/../lib/gcc/arm-none-eabi/11.2.1/thumb/v7e-m+fp/hard\libc.a(lib_a-wcrtomb.o)
 .ARM.attributes
                0x0000053b       0x34 d:/11.2 2022.02/bin/../lib/gcc/arm-none-eabi/11.2.1/thumb/v7e-m+fp/hard\libc.a(lib_a-wcsrtombs.o)
 .ARM.attributes
                0x0000056f       0x34 d:/11.2 2022.02/bin/../lib/gcc/arm-none-eabi/11.2.1/thumb/v7e-m+fp/hard\libc.a(lib_a-dtoa.o)
 .ARM.attributes
                0x000005a3       0x34 d:/11.2 2022.02/bin/../lib/gcc/arm-none-eabi/11.2.1/thumb/v7e-m+fp/hard\libc.a(lib_a-freer.o)
 .ARM.attributes
                0x000005d7       0x34 d:/11.2 2022.02/bin/../lib/gcc/arm-none-eabi/11.2.1/thumb/v7e-m+fp/hard\libc.a(lib_a-localeconv.o)
 .ARM.attributes
                0x0000060b       0x34 d:/11.2 2022.02/bin/../lib/gcc/arm-none-eabi/11.2.1/thumb/v7e-m+fp/hard\libc.a(lib_a-locale.o)
 .ARM.attributes
                0x0000063f       0x34 d:/11.2 2022.02/bin/../lib/gcc/arm-none-eabi/11.2.1/thumb/v7e-m+fp/hard\libc.a(lib_a-mallocr.o)
 .ARM.attributes
                0x00000673       0x34 d:/11.2 2022.02/bin/../lib/gcc/arm-none-eabi/11.2.1/thumb/v7e-m+fp/hard\libc.a(lib_a-mbtowc_r.o)
 .ARM.attributes
                0x000006a7       0x1c d:/11.2 2022.02/bin/../lib/gcc/arm-none-eabi/11.2.1/thumb/v7e-m+fp/hard\libc.a(lib_a-memchr.o)
 .ARM.attributes
                0x000006c3       0x1c d:/11.2 2022.02/bin/../lib/gcc/arm-none-eabi/11.2.1/thumb/v7e-m+fp/hard\libc.a(lib_a-memcpy.o)
 .ARM.attributes
                0x000006df       0x34 d:/11.2 2022.02/bin/../lib/gcc/arm-none-eabi/11.2.1/thumb/v7e-m+fp/hard\libc.a(lib_a-mlock.o)
 .ARM.attributes
                0x00000713       0x34 d:/11.2 2022.02/bin/../lib/gcc/arm-none-eabi/11.2.1/thumb/v7e-m+fp/hard\libc.a(lib_a-mprec.o)
 .ARM.attributes
                0x00000747       0x34 d:/11.2 2022.02/bin/../lib/gcc/arm-none-eabi/11.2.1/thumb/v7e-m+fp/hard\libc.a(lib_a-sbrkr.o)
 .ARM.attributes
                0x0000077b       0x34 d:/11.2 2022.02/bin/../lib/gcc/arm-none-eabi/11.2.1/thumb/v7e-m+fp/hard\libc.a(lib_a-s_frexp.o)
 .ARM.attributes
                0x000007af       0x34 d:/11.2 2022.02/bin/../lib/gcc/arm-none-eabi/11.2.1/thumb/v7e-m+fp/hard\libc.a(lib_a-strncpy.o)
 .ARM.attributes
                0x000007e3       0x34 d:/11.2 2022.02/bin/../lib/gcc/arm-none-eabi/11.2.1/thumb/v7e-m+fp/hard\libc.a(lib_a-svfiprintf.o)
 .ARM.attributes
                0x00000817       0x34 d:/11.2 2022.02/bin/../lib/gcc/arm-none-eabi/11.2.1/thumb/v7e-m+fp/hard\libc.a(lib_a-wcsnrtombs.o)
 .ARM.attributes
                0x0000084b       0x34 d:/11.2 2022.02/bin/../lib/gcc/arm-none-eabi/11.2.1/thumb/v7e-m+fp/hard\libc.a(lib_a-wctomb_r.o)
 .ARM.attributes
                0x0000087f       0x34 d:/11.2 2022.02/bin/../lib/gcc/arm-none-eabi/11.2.1/thumb/v7e-m+fp/hard\libc.a(lib_a-assert.o)
 .ARM.attributes
                0x000008b3       0x34 d:/11.2 2022.02/bin/../lib/gcc/arm-none-eabi/11.2.1/thumb/v7e-m+fp/hard\libc.a(lib_a-callocr.o)
 .ARM.attributes
                0x000008e7       0x34 d:/11.2 2022.02/bin/../lib/gcc/arm-none-eabi/11.2.1/thumb/v7e-m+fp/hard\libc.a(lib_a-ctype_.o)
 .ARM.attributes
                0x0000091b       0x34 d:/11.2 2022.02/bin/../lib/gcc/arm-none-eabi/11.2.1/thumb/v7e-m+fp/hard\libc.a(lib_a-errno.o)
 .ARM.attributes
                0x0000094f       0x34 d:/11.2 2022.02/bin/../lib/gcc/arm-none-eabi/11.2.1/thumb/v7e-m+fp/hard\libc.a(lib_a-fiprintf.o)
 .ARM.attributes
                0x00000983       0x34 d:/11.2 2022.02/bin/../lib/gcc/arm-none-eabi/11.2.1/thumb/v7e-m+fp/hard\libc.a(lib_a-memmove.o)
 .ARM.attributes
                0x000009b7       0x34 d:/11.2 2022.02/bin/../lib/gcc/arm-none-eabi/11.2.1/thumb/v7e-m+fp/hard\libc.a(lib_a-reallocr.o)
 .ARM.attributes
                0x000009eb       0x34 d:/11.2 2022.02/bin/../lib/gcc/arm-none-eabi/11.2.1/thumb/v7e-m+fp/hard\libc.a(lib_a-reent.o)
 .ARM.attributes
                0x00000a1f       0x34 d:/11.2 2022.02/bin/../lib/gcc/arm-none-eabi/11.2.1/thumb/v7e-m+fp/hard\libc.a(lib_a-vfiprintf.o)
 .ARM.attributes
                0x00000a53       0x34 d:/11.2 2022.02/bin/../lib/gcc/arm-none-eabi/11.2.1/thumb/v7e-m+fp/hard\libc.a(lib_a-wsetup.o)
 .ARM.attributes
                0x00000a87       0x34 d:/11.2 2022.02/bin/../lib/gcc/arm-none-eabi/11.2.1/thumb/v7e-m+fp/hard\libc.a(lib_a-abort.o)
 .ARM.attributes
                0x00000abb       0x34 d:/11.2 2022.02/bin/../lib/gcc/arm-none-eabi/11.2.1/thumb/v7e-m+fp/hard\libc.a(lib_a-fflush.o)
 .ARM.attributes
                0x00000aef       0x34 d:/11.2 2022.02/bin/../lib/gcc/arm-none-eabi/11.2.1/thumb/v7e-m+fp/hard\libc.a(lib_a-findfp.o)
 .ARM.attributes
                0x00000b23       0x34 d:/11.2 2022.02/bin/../lib/gcc/arm-none-eabi/11.2.1/thumb/v7e-m+fp/hard\libc.a(lib_a-fputwc.o)
 .ARM.attributes
                0x00000b57       0x34 d:/11.2 2022.02/bin/../lib/gcc/arm-none-eabi/11.2.1/thumb/v7e-m+fp/hard\libc.a(lib_a-fvwrite.o)
 .ARM.attributes
                0x00000b8b       0x34 d:/11.2 2022.02/bin/../lib/gcc/arm-none-eabi/11.2.1/thumb/v7e-m+fp/hard\libc.a(lib_a-fwalk.o)
 .ARM.attributes
                0x00000bbf       0x34 d:/11.2 2022.02/bin/../lib/gcc/arm-none-eabi/11.2.1/thumb/v7e-m+fp/hard\libc.a(lib_a-makebuf.o)
 .ARM.attributes
                0x00000bf3       0x34 d:/11.2 2022.02/bin/../lib/gcc/arm-none-eabi/11.2.1/thumb/v7e-m+fp/hard\libc.a(lib_a-signal.o)
 .ARM.attributes
                0x00000c27       0x34 d:/11.2 2022.02/bin/../lib/gcc/arm-none-eabi/11.2.1/thumb/v7e-m+fp/hard\libc.a(lib_a-signalr.o)
 .ARM.attributes
                0x00000c5b       0x34 d:/11.2 2022.02/bin/../lib/gcc/arm-none-eabi/11.2.1/thumb/v7e-m+fp/hard\libc.a(lib_a-stdio.o)
 .ARM.attributes
                0x00000c8f       0x34 d:/11.2 2022.02/bin/../lib/gcc/arm-none-eabi/11.2.1/thumb/v7e-m+fp/hard\libc.a(lib_a-wbuf.o)
 .ARM.attributes
                0x00000cc3       0x34 d:/11.2 2022.02/bin/../lib/gcc/arm-none-eabi/11.2.1/thumb/v7e-m+fp/hard\libc.a(lib_a-writer.o)
 .ARM.attributes
                0x00000cf7       0x34 d:/11.2 2022.02/bin/../lib/gcc/arm-none-eabi/11.2.1/thumb/v7e-m+fp/hard\libc.a(lib_a-closer.o)
 .ARM.attributes
                0x00000d2b       0x34 d:/11.2 2022.02/bin/../lib/gcc/arm-none-eabi/11.2.1/thumb/v7e-m+fp/hard\libc.a(lib_a-fclose.o)
 .ARM.attributes
                0x00000d5f       0x34 d:/11.2 2022.02/bin/../lib/gcc/arm-none-eabi/11.2.1/thumb/v7e-m+fp/hard\libc.a(lib_a-fstatr.o)
 .ARM.attributes
                0x00000d93       0x34 d:/11.2 2022.02/bin/../lib/gcc/arm-none-eabi/11.2.1/thumb/v7e-m+fp/hard\libc.a(lib_a-isattyr.o)
 .ARM.attributes
                0x00000dc7       0x34 d:/11.2 2022.02/bin/../lib/gcc/arm-none-eabi/11.2.1/thumb/v7e-m+fp/hard\libc.a(lib_a-lseekr.o)
 .ARM.attributes
                0x00000dfb       0x34 d:/11.2 2022.02/bin/../lib/gcc/arm-none-eabi/11.2.1/thumb/v7e-m+fp/hard\libc.a(lib_a-readr.o)
 .ARM.attributes
                0x00000e2f       0x34 d:/11.2 2022.02/bin/../lib/gcc/arm-none-eabi/11.2.1/thumb/v7e-m+fp/hard\libnosys.a(close.o)
 .ARM.attributes
                0x00000e63       0x34 d:/11.2 2022.02/bin/../lib/gcc/arm-none-eabi/11.2.1/thumb/v7e-m+fp/hard\libnosys.a(fstat.o)
 .ARM.attributes
                0x00000e97       0x34 d:/11.2 2022.02/bin/../lib/gcc/arm-none-eabi/11.2.1/thumb/v7e-m+fp/hard\libnosys.a(getpid.o)
 .ARM.attributes
                0x00000ecb       0x34 d:/11.2 2022.02/bin/../lib/gcc/arm-none-eabi/11.2.1/thumb/v7e-m+fp/hard\libnosys.a(isatty.o)
 .ARM.attributes
                0x00000eff       0x34 d:/11.2 2022.02/bin/../lib/gcc/arm-none-eabi/11.2.1/thumb/v7e-m+fp/hard\libnosys.a(kill.o)
 .ARM.attributes
                0x00000f33       0x34 d:/11.2 2022.02/bin/../lib/gcc/arm-none-eabi/11.2.1/thumb/v7e-m+fp/hard\libnosys.a(lseek.o)
 .ARM.attributes
                0x00000f67       0x34 d:/11.2 2022.02/bin/../lib/gcc/arm-none-eabi/11.2.1/thumb/v7e-m+fp/hard\libnosys.a(read.o)
 .ARM.attributes
                0x00000f9b       0x34 d:/11.2 2022.02/bin/../lib/gcc/arm-none-eabi/11.2.1/thumb/v7e-m+fp/hard\libnosys.a(sbrk.o)
 .ARM.attributes
                0x00000fcf       0x34 d:/11.2 2022.02/bin/../lib/gcc/arm-none-eabi/11.2.1/thumb/v7e-m+fp/hard\libnosys.a(write.o)
 .ARM.attributes
                0x00001003       0x34 d:/11.2 2022.02/bin/../lib/gcc/arm-none-eabi/11.2.1/thumb/v7e-m+fp/hard\libnosys.a(_exit.o)
 .ARM.attributes
                0x00001037       0x1e d:/11.2 2022.02/bin/../lib/gcc/arm-none-eabi/11.2.1/thumb/v7e-m+fp/hard\libgcc.a(_arm_addsubdf3.o)
 .ARM.attributes
                0x00001055       0x1e d:/11.2 2022.02/bin/../lib/gcc/arm-none-eabi/11.2.1/thumb/v7e-m+fp/hard\libgcc.a(_arm_muldivdf3.o)
 .ARM.attributes
                0x00001073       0x1e d:/11.2 2022.02/bin/../lib/gcc/arm-none-eabi/11.2.1/thumb/v7e-m+fp/hard\libgcc.a(_arm_cmpdf2.o)
 .ARM.attributes
                0x00001091       0x1e d:/11.2 2022.02/bin/../lib/gcc/arm-none-eabi/11.2.1/thumb/v7e-m+fp/hard\libgcc.a(_arm_unorddf2.o)
 .ARM.attributes
                0x000010af       0x1e d:/11.2 2022.02/bin/../lib/gcc/arm-none-eabi/11.2.1/thumb/v7e-m+fp/hard\libgcc.a(_arm_fixdfsi.o)
 .ARM.attributes
                0x000010cd       0x1e d:/11.2 2022.02/bin/../lib/gcc/arm-none-eabi/11.2.1/thumb/v7e-m+fp/hard\libgcc.a(_aeabi_uldivmod.o)
 .ARM.attributes
                0x000010eb       0x34 d:/11.2 2022.02/bin/../lib/gcc/arm-none-eabi/11.2.1/thumb/v7e-m+fp/hard\libgcc.a(_udivmoddi4.o)
 .ARM.attributes
                0x0000111f       0x1e d:/11.2 2022.02/bin/../lib/gcc/arm-none-eabi/11.2.1/thumb/v7e-m+fp/hard\libgcc.a(_dvmd_tls.o)
 .ARM.attributes
                0x0000113d       0x34 d:/11.2 2022.02/bin/../lib/gcc/arm-none-eabi/11.2.1/thumb/v7e-m+fp/hard/crtend.o
 .ARM.attributes
                0x00001171       0x1e d:/11.2 2022.02/bin/../lib/gcc/arm-none-eabi/11.2.1/thumb/v7e-m+fp/hard/crtn.o
OUTPUT(build/carF4.elf elf32-littlearm)
LOAD linker stubs
LOAD d:/11.2 2022.02/bin/../lib/gcc/arm-none-eabi/11.2.1/thumb/v7e-m+fp/hard\libc.a
LOAD d:/11.2 2022.02/bin/../lib/gcc/arm-none-eabi/11.2.1/thumb/v7e-m+fp/hard\libm.a
LOAD d:/11.2 2022.02/bin/../lib/gcc/arm-none-eabi/11.2.1/thumb/v7e-m+fp/hard\libgcc.a

.comment        0x00000000       0x57
 .comment       0x00000000       0x57 d:/11.2 2022.02/bin/../lib/gcc/arm-none-eabi/11.2.1/thumb/v7e-m+fp/hard/crtbegin.o
                                 0x58 (size before relaxing)
 .comment       0x00000057       0x58 build/main.o
 .comment       0x00000057       0x58 build/gpio.o
 .comment       0x00000057       0x58 build/stm32f4xx_it.o
 .comment       0x00000057       0x58 build/stm32f4xx_hal_msp.o
 .comment       0x00000057       0x58 build/stm32f4xx_hal_tim.o
 .comment       0x00000057       0x58 build/stm32f4xx_hal_tim_ex.o
 .comment       0x00000057       0x58 build/stm32f4xx_hal_rcc.o
 .comment       0x00000057       0x58 build/stm32f4xx_hal_gpio.o
 .comment       0x00000057       0x58 build/stm32f4xx_hal_dma.o
 .comment       0x00000057       0x58 build/stm32f4xx_hal_cortex.o
 .comment       0x00000057       0x58 build/stm32f4xx_hal.o
 .comment       0x00000057       0x58 build/system_stm32f4xx.o
 .comment       0x00000057       0x58 build/dma.o
 .comment       0x00000057       0x58 build/tim.o
 .comment       0x00000057       0x58 build/usart.o
 .comment       0x00000057       0x58 build/stm32f4xx_hal_uart.o
 .comment       0x00000057       0x58 build/pid.o
 .comment       0x00000057       0x58 d:/11.2 2022.02/bin/../lib/gcc/arm-none-eabi/11.2.1/thumb/v7e-m+fp/hard\libc.a(lib_a-impure.o)
 .comment       0x00000057       0x58 d:/11.2 2022.02/bin/../lib/gcc/arm-none-eabi/11.2.1/thumb/v7e-m+fp/hard\libc.a(lib_a-init.o)
 .comment       0x00000057       0x58 d:/11.2 2022.02/bin/../lib/gcc/arm-none-eabi/11.2.1/thumb/v7e-m+fp/hard\libc.a(lib_a-memset.o)
 .comment       0x00000057       0x58 d:/11.2 2022.02/bin/../lib/gcc/arm-none-eabi/11.2.1/thumb/v7e-m+fp/hard\libc.a(lib_a-vsprintf.o)
 .comment       0x00000057       0x58 d:/11.2 2022.02/bin/../lib/gcc/arm-none-eabi/11.2.1/thumb/v7e-m+fp/hard\libc.a(lib_a-svfprintf.o)
 .comment       0x00000057       0x58 d:/11.2 2022.02/bin/../lib/gcc/arm-none-eabi/11.2.1/thumb/v7e-m+fp/hard\libc.a(lib_a-wcrtomb.o)
 .comment       0x00000057       0x58 d:/11.2 2022.02/bin/../lib/gcc/arm-none-eabi/11.2.1/thumb/v7e-m+fp/hard\libc.a(lib_a-wcsrtombs.o)
 .comment       0x00000057       0x58 d:/11.2 2022.02/bin/../lib/gcc/arm-none-eabi/11.2.1/thumb/v7e-m+fp/hard\libc.a(lib_a-dtoa.o)
 .comment       0x00000057       0x58 d:/11.2 2022.02/bin/../lib/gcc/arm-none-eabi/11.2.1/thumb/v7e-m+fp/hard\libc.a(lib_a-freer.o)
 .comment       0x00000057       0x58 d:/11.2 2022.02/bin/../lib/gcc/arm-none-eabi/11.2.1/thumb/v7e-m+fp/hard\libc.a(lib_a-localeconv.o)
 .comment       0x00000057       0x58 d:/11.2 2022.02/bin/../lib/gcc/arm-none-eabi/11.2.1/thumb/v7e-m+fp/hard\libc.a(lib_a-locale.o)
 .comment       0x00000057       0x58 d:/11.2 2022.02/bin/../lib/gcc/arm-none-eabi/11.2.1/thumb/v7e-m+fp/hard\libc.a(lib_a-mallocr.o)
 .comment       0x00000057       0x58 d:/11.2 2022.02/bin/../lib/gcc/arm-none-eabi/11.2.1/thumb/v7e-m+fp/hard\libc.a(lib_a-mbtowc_r.o)
 .comment       0x00000057       0x58 d:/11.2 2022.02/bin/../lib/gcc/arm-none-eabi/11.2.1/thumb/v7e-m+fp/hard\libc.a(lib_a-mlock.o)
 .comment       0x00000057       0x58 d:/11.2 2022.02/bin/../lib/gcc/arm-none-eabi/11.2.1/thumb/v7e-m+fp/hard\libc.a(lib_a-mprec.o)
 .comment       0x00000057       0x58 d:/11.2 2022.02/bin/../lib/gcc/arm-none-eabi/11.2.1/thumb/v7e-m+fp/hard\libc.a(lib_a-sbrkr.o)
 .comment       0x00000057       0x58 d:/11.2 2022.02/bin/../lib/gcc/arm-none-eabi/11.2.1/thumb/v7e-m+fp/hard\libc.a(lib_a-s_frexp.o)
 .comment       0x00000057       0x58 d:/11.2 2022.02/bin/../lib/gcc/arm-none-eabi/11.2.1/thumb/v7e-m+fp/hard\libc.a(lib_a-strncpy.o)
 .comment       0x00000057       0x58 d:/11.2 2022.02/bin/../lib/gcc/arm-none-eabi/11.2.1/thumb/v7e-m+fp/hard\libc.a(lib_a-svfiprintf.o)
 .comment       0x00000057       0x58 d:/11.2 2022.02/bin/../lib/gcc/arm-none-eabi/11.2.1/thumb/v7e-m+fp/hard\libc.a(lib_a-wcsnrtombs.o)
 .comment       0x00000057       0x58 d:/11.2 2022.02/bin/../lib/gcc/arm-none-eabi/11.2.1/thumb/v7e-m+fp/hard\libc.a(lib_a-wctomb_r.o)
 .comment       0x00000057       0x58 d:/11.2 2022.02/bin/../lib/gcc/arm-none-eabi/11.2.1/thumb/v7e-m+fp/hard\libc.a(lib_a-assert.o)
 .comment       0x00000057       0x58 d:/11.2 2022.02/bin/../lib/gcc/arm-none-eabi/11.2.1/thumb/v7e-m+fp/hard\libc.a(lib_a-callocr.o)
 .comment       0x00000057       0x58 d:/11.2 2022.02/bin/../lib/gcc/arm-none-eabi/11.2.1/thumb/v7e-m+fp/hard\libc.a(lib_a-ctype_.o)
 .comment       0x00000057       0x58 d:/11.2 2022.02/bin/../lib/gcc/arm-none-eabi/11.2.1/thumb/v7e-m+fp/hard\libc.a(lib_a-errno.o)
 .comment       0x00000057       0x58 d:/11.2 2022.02/bin/../lib/gcc/arm-none-eabi/11.2.1/thumb/v7e-m+fp/hard\libc.a(lib_a-fiprintf.o)
 .comment       0x00000057       0x58 d:/11.2 2022.02/bin/../lib/gcc/arm-none-eabi/11.2.1/thumb/v7e-m+fp/hard\libc.a(lib_a-memmove.o)
 .comment       0x00000057       0x58 d:/11.2 2022.02/bin/../lib/gcc/arm-none-eabi/11.2.1/thumb/v7e-m+fp/hard\libc.a(lib_a-reallocr.o)
 .comment       0x00000057       0x58 d:/11.2 2022.02/bin/../lib/gcc/arm-none-eabi/11.2.1/thumb/v7e-m+fp/hard\libc.a(lib_a-reent.o)
 .comment       0x00000057       0x58 d:/11.2 2022.02/bin/../lib/gcc/arm-none-eabi/11.2.1/thumb/v7e-m+fp/hard\libc.a(lib_a-vfiprintf.o)
 .comment       0x00000057       0x58 d:/11.2 2022.02/bin/../lib/gcc/arm-none-eabi/11.2.1/thumb/v7e-m+fp/hard\libc.a(lib_a-wsetup.o)
 .comment       0x00000057       0x58 d:/11.2 2022.02/bin/../lib/gcc/arm-none-eabi/11.2.1/thumb/v7e-m+fp/hard\libc.a(lib_a-abort.o)
 .comment       0x00000057       0x58 d:/11.2 2022.02/bin/../lib/gcc/arm-none-eabi/11.2.1/thumb/v7e-m+fp/hard\libc.a(lib_a-fflush.o)
 .comment       0x00000057       0x58 d:/11.2 2022.02/bin/../lib/gcc/arm-none-eabi/11.2.1/thumb/v7e-m+fp/hard\libc.a(lib_a-findfp.o)
 .comment       0x00000057       0x58 d:/11.2 2022.02/bin/../lib/gcc/arm-none-eabi/11.2.1/thumb/v7e-m+fp/hard\libc.a(lib_a-fputwc.o)
 .comment       0x00000057       0x58 d:/11.2 2022.02/bin/../lib/gcc/arm-none-eabi/11.2.1/thumb/v7e-m+fp/hard\libc.a(lib_a-fvwrite.o)
 .comment       0x00000057       0x58 d:/11.2 2022.02/bin/../lib/gcc/arm-none-eabi/11.2.1/thumb/v7e-m+fp/hard\libc.a(lib_a-fwalk.o)
 .comment       0x00000057       0x58 d:/11.2 2022.02/bin/../lib/gcc/arm-none-eabi/11.2.1/thumb/v7e-m+fp/hard\libc.a(lib_a-makebuf.o)
 .comment       0x00000057       0x58 d:/11.2 2022.02/bin/../lib/gcc/arm-none-eabi/11.2.1/thumb/v7e-m+fp/hard\libc.a(lib_a-signal.o)
 .comment       0x00000057       0x58 d:/11.2 2022.02/bin/../lib/gcc/arm-none-eabi/11.2.1/thumb/v7e-m+fp/hard\libc.a(lib_a-signalr.o)
 .comment       0x00000057       0x58 d:/11.2 2022.02/bin/../lib/gcc/arm-none-eabi/11.2.1/thumb/v7e-m+fp/hard\libc.a(lib_a-stdio.o)
 .comment       0x00000057       0x58 d:/11.2 2022.02/bin/../lib/gcc/arm-none-eabi/11.2.1/thumb/v7e-m+fp/hard\libc.a(lib_a-wbuf.o)
 .comment       0x00000057       0x58 d:/11.2 2022.02/bin/../lib/gcc/arm-none-eabi/11.2.1/thumb/v7e-m+fp/hard\libc.a(lib_a-writer.o)
 .comment       0x00000057       0x58 d:/11.2 2022.02/bin/../lib/gcc/arm-none-eabi/11.2.1/thumb/v7e-m+fp/hard\libc.a(lib_a-closer.o)
 .comment       0x00000057       0x58 d:/11.2 2022.02/bin/../lib/gcc/arm-none-eabi/11.2.1/thumb/v7e-m+fp/hard\libc.a(lib_a-fclose.o)
 .comment       0x00000057       0x58 d:/11.2 2022.02/bin/../lib/gcc/arm-none-eabi/11.2.1/thumb/v7e-m+fp/hard\libc.a(lib_a-fstatr.o)
 .comment       0x00000057       0x58 d:/11.2 2022.02/bin/../lib/gcc/arm-none-eabi/11.2.1/thumb/v7e-m+fp/hard\libc.a(lib_a-isattyr.o)
 .comment       0x00000057       0x58 d:/11.2 2022.02/bin/../lib/gcc/arm-none-eabi/11.2.1/thumb/v7e-m+fp/hard\libc.a(lib_a-lseekr.o)
 .comment       0x00000057       0x58 d:/11.2 2022.02/bin/../lib/gcc/arm-none-eabi/11.2.1/thumb/v7e-m+fp/hard\libc.a(lib_a-readr.o)
 .comment       0x00000057       0x58 d:/11.2 2022.02/bin/../lib/gcc/arm-none-eabi/11.2.1/thumb/v7e-m+fp/hard\libnosys.a(close.o)
 .comment       0x00000057       0x58 d:/11.2 2022.02/bin/../lib/gcc/arm-none-eabi/11.2.1/thumb/v7e-m+fp/hard\libnosys.a(fstat.o)
 .comment       0x00000057       0x58 d:/11.2 2022.02/bin/../lib/gcc/arm-none-eabi/11.2.1/thumb/v7e-m+fp/hard\libnosys.a(getpid.o)
 .comment       0x00000057       0x58 d:/11.2 2022.02/bin/../lib/gcc/arm-none-eabi/11.2.1/thumb/v7e-m+fp/hard\libnosys.a(isatty.o)
 .comment       0x00000057       0x58 d:/11.2 2022.02/bin/../lib/gcc/arm-none-eabi/11.2.1/thumb/v7e-m+fp/hard\libnosys.a(kill.o)
 .comment       0x00000057       0x58 d:/11.2 2022.02/bin/../lib/gcc/arm-none-eabi/11.2.1/thumb/v7e-m+fp/hard\libnosys.a(lseek.o)
 .comment       0x00000057       0x58 d:/11.2 2022.02/bin/../lib/gcc/arm-none-eabi/11.2.1/thumb/v7e-m+fp/hard\libnosys.a(read.o)
 .comment       0x00000057       0x58 d:/11.2 2022.02/bin/../lib/gcc/arm-none-eabi/11.2.1/thumb/v7e-m+fp/hard\libnosys.a(sbrk.o)
 .comment       0x00000057       0x58 d:/11.2 2022.02/bin/../lib/gcc/arm-none-eabi/11.2.1/thumb/v7e-m+fp/hard\libnosys.a(write.o)
 .comment       0x00000057       0x58 d:/11.2 2022.02/bin/../lib/gcc/arm-none-eabi/11.2.1/thumb/v7e-m+fp/hard\libnosys.a(_exit.o)
 .comment       0x00000057       0x58 d:/11.2 2022.02/bin/../lib/gcc/arm-none-eabi/11.2.1/thumb/v7e-m+fp/hard\libgcc.a(_udivmoddi4.o)
 .comment       0x00000057       0x58 d:/11.2 2022.02/bin/../lib/gcc/arm-none-eabi/11.2.1/thumb/v7e-m+fp/hard/crtend.o

.debug_info     0x00000000    0x3a5c1
 .debug_info    0x00000000     0x1319 build/main.o
 .debug_info    0x00001319      0x584 build/gpio.o
 .debug_info    0x0000189d      0x4ae build/stm32f4xx_it.o
 .debug_info    0x00001d4b      0x2eb build/stm32f4xx_hal_msp.o
 .debug_info    0x00002036     0x40c2 build/stm32f4xx_hal_tim.o
 .debug_info    0x000060f8     0x1d52 build/stm32f4xx_hal_tim_ex.o
 .debug_info    0x00007e4a      0xc0a build/stm32f4xx_hal_rcc.o
 .debug_info    0x00008a54      0x848 build/stm32f4xx_hal_gpio.o
 .debug_info    0x0000929c      0xbce build/stm32f4xx_hal_dma.o
 .debug_info    0x00009e6a     0x117a build/stm32f4xx_hal_cortex.o
 .debug_info    0x0000afe4      0xafa build/stm32f4xx_hal.o
 .debug_info    0x0000bade      0x5b3 build/system_stm32f4xx.o
 .debug_info    0x0000c091      0x599 build/dma.o
 .debug_info    0x0000c62a     0x1471 build/tim.o
 .debug_info    0x0000da9b      0xf15 build/usart.o
 .debug_info    0x0000e9b0     0x4425 build/stm32f4xx_hal_uart.o
 .debug_info    0x00012dd5     0x1361 build/pid.o
 .debug_info    0x00014136       0x22 build/startup_stm32f407xx.o
 .debug_info    0x00014158      0x8be d:/11.2 2022.02/bin/../lib/gcc/arm-none-eabi/11.2.1/thumb/v7e-m+fp/hard\libc.a(lib_a-impure.o)
 .debug_info    0x00014a16      0x10b d:/11.2 2022.02/bin/../lib/gcc/arm-none-eabi/11.2.1/thumb/v7e-m+fp/hard\libc.a(lib_a-init.o)
 .debug_info    0x00014b21      0x135 d:/11.2 2022.02/bin/../lib/gcc/arm-none-eabi/11.2.1/thumb/v7e-m+fp/hard\libc.a(lib_a-memset.o)
 .debug_info    0x00014c56       0x25 d:/11.2 2022.02/bin/../lib/gcc/arm-none-eabi/11.2.1/thumb/v7e-m+fp/hard\libc.a(lib_a-strlen.o)
 .debug_info    0x00014c7b      0xa8b d:/11.2 2022.02/bin/../lib/gcc/arm-none-eabi/11.2.1/thumb/v7e-m+fp/hard\libc.a(lib_a-vsprintf.o)
 .debug_info    0x00015706     0x1e1e d:/11.2 2022.02/bin/../lib/gcc/arm-none-eabi/11.2.1/thumb/v7e-m+fp/hard\libc.a(lib_a-svfprintf.o)
 .debug_info    0x00017524      0xcd5 d:/11.2 2022.02/bin/../lib/gcc/arm-none-eabi/11.2.1/thumb/v7e-m+fp/hard\libc.a(lib_a-wcrtomb.o)
 .debug_info    0x000181f9      0xa3c d:/11.2 2022.02/bin/../lib/gcc/arm-none-eabi/11.2.1/thumb/v7e-m+fp/hard\libc.a(lib_a-wcsrtombs.o)
 .debug_info    0x00018c35     0x1a95 d:/11.2 2022.02/bin/../lib/gcc/arm-none-eabi/11.2.1/thumb/v7e-m+fp/hard\libc.a(lib_a-dtoa.o)
 .debug_info    0x0001a6ca      0xcd5 d:/11.2 2022.02/bin/../lib/gcc/arm-none-eabi/11.2.1/thumb/v7e-m+fp/hard\libc.a(lib_a-freer.o)
 .debug_info    0x0001b39f      0xbeb d:/11.2 2022.02/bin/../lib/gcc/arm-none-eabi/11.2.1/thumb/v7e-m+fp/hard\libc.a(lib_a-localeconv.o)
 .debug_info    0x0001bf8a     0x1b51 d:/11.2 2022.02/bin/../lib/gcc/arm-none-eabi/11.2.1/thumb/v7e-m+fp/hard\libc.a(lib_a-locale.o)
 .debug_info    0x0001dadb      0xe59 d:/11.2 2022.02/bin/../lib/gcc/arm-none-eabi/11.2.1/thumb/v7e-m+fp/hard\libc.a(lib_a-mallocr.o)
 .debug_info    0x0001e934     0x10f0 d:/11.2 2022.02/bin/../lib/gcc/arm-none-eabi/11.2.1/thumb/v7e-m+fp/hard\libc.a(lib_a-mbtowc_r.o)
 .debug_info    0x0001fa24       0x25 d:/11.2 2022.02/bin/../lib/gcc/arm-none-eabi/11.2.1/thumb/v7e-m+fp/hard\libc.a(lib_a-memchr.o)
 .debug_info    0x0001fa49       0x25 d:/11.2 2022.02/bin/../lib/gcc/arm-none-eabi/11.2.1/thumb/v7e-m+fp/hard\libc.a(lib_a-memcpy.o)
 .debug_info    0x0001fa6e      0x8d4 d:/11.2 2022.02/bin/../lib/gcc/arm-none-eabi/11.2.1/thumb/v7e-m+fp/hard\libc.a(lib_a-mlock.o)
 .debug_info    0x00020342     0x1fe3 d:/11.2 2022.02/bin/../lib/gcc/arm-none-eabi/11.2.1/thumb/v7e-m+fp/hard\libc.a(lib_a-mprec.o)
 .debug_info    0x00022325      0x92a d:/11.2 2022.02/bin/../lib/gcc/arm-none-eabi/11.2.1/thumb/v7e-m+fp/hard\libc.a(lib_a-sbrkr.o)
 .debug_info    0x00022c4f      0x1e0 d:/11.2 2022.02/bin/../lib/gcc/arm-none-eabi/11.2.1/thumb/v7e-m+fp/hard\libc.a(lib_a-s_frexp.o)
 .debug_info    0x00022e2f      0x14a d:/11.2 2022.02/bin/../lib/gcc/arm-none-eabi/11.2.1/thumb/v7e-m+fp/hard\libc.a(lib_a-strncpy.o)
 .debug_info    0x00022f79     0x16f2 d:/11.2 2022.02/bin/../lib/gcc/arm-none-eabi/11.2.1/thumb/v7e-m+fp/hard\libc.a(lib_a-svfiprintf.o)
 .debug_info    0x0002466b      0xe6f d:/11.2 2022.02/bin/../lib/gcc/arm-none-eabi/11.2.1/thumb/v7e-m+fp/hard\libc.a(lib_a-wcsnrtombs.o)
 .debug_info    0x000254da      0xe97 d:/11.2 2022.02/bin/../lib/gcc/arm-none-eabi/11.2.1/thumb/v7e-m+fp/hard\libc.a(lib_a-wctomb_r.o)
 .debug_info    0x00026371      0x9cb d:/11.2 2022.02/bin/../lib/gcc/arm-none-eabi/11.2.1/thumb/v7e-m+fp/hard\libc.a(lib_a-assert.o)
 .debug_info    0x00026d3c      0xa6c d:/11.2 2022.02/bin/../lib/gcc/arm-none-eabi/11.2.1/thumb/v7e-m+fp/hard\libc.a(lib_a-callocr.o)
 .debug_info    0x000277a8      0xb85 d:/11.2 2022.02/bin/../lib/gcc/arm-none-eabi/11.2.1/thumb/v7e-m+fp/hard\libc.a(lib_a-ctype_.o)
 .debug_info    0x0002832d      0x8a9 d:/11.2 2022.02/bin/../lib/gcc/arm-none-eabi/11.2.1/thumb/v7e-m+fp/hard\libc.a(lib_a-errno.o)
 .debug_info    0x00028bd6      0x9fa d:/11.2 2022.02/bin/../lib/gcc/arm-none-eabi/11.2.1/thumb/v7e-m+fp/hard\libc.a(lib_a-fiprintf.o)
 .debug_info    0x000295d0      0x148 d:/11.2 2022.02/bin/../lib/gcc/arm-none-eabi/11.2.1/thumb/v7e-m+fp/hard\libc.a(lib_a-memmove.o)
 .debug_info    0x00029718      0xd89 d:/11.2 2022.02/bin/../lib/gcc/arm-none-eabi/11.2.1/thumb/v7e-m+fp/hard\libc.a(lib_a-reallocr.o)
 .debug_info    0x0002a4a1      0xb68 d:/11.2 2022.02/bin/../lib/gcc/arm-none-eabi/11.2.1/thumb/v7e-m+fp/hard\libc.a(lib_a-reent.o)
 .debug_info    0x0002b009     0x1cbf d:/11.2 2022.02/bin/../lib/gcc/arm-none-eabi/11.2.1/thumb/v7e-m+fp/hard\libc.a(lib_a-vfiprintf.o)
 .debug_info    0x0002ccc8      0x969 d:/11.2 2022.02/bin/../lib/gcc/arm-none-eabi/11.2.1/thumb/v7e-m+fp/hard\libc.a(lib_a-wsetup.o)
 .debug_info    0x0002d631       0xd8 d:/11.2 2022.02/bin/../lib/gcc/arm-none-eabi/11.2.1/thumb/v7e-m+fp/hard\libc.a(lib_a-abort.o)
 .debug_info    0x0002d709      0xba0 d:/11.2 2022.02/bin/../lib/gcc/arm-none-eabi/11.2.1/thumb/v7e-m+fp/hard\libc.a(lib_a-fflush.o)
 .debug_info    0x0002e2a9      0xfc3 d:/11.2 2022.02/bin/../lib/gcc/arm-none-eabi/11.2.1/thumb/v7e-m+fp/hard\libc.a(lib_a-findfp.o)
 .debug_info    0x0002f26c      0xbd5 d:/11.2 2022.02/bin/../lib/gcc/arm-none-eabi/11.2.1/thumb/v7e-m+fp/hard\libc.a(lib_a-fputwc.o)
 .debug_info    0x0002fe41      0xcdc d:/11.2 2022.02/bin/../lib/gcc/arm-none-eabi/11.2.1/thumb/v7e-m+fp/hard\libc.a(lib_a-fvwrite.o)
 .debug_info    0x00030b1d      0x9e7 d:/11.2 2022.02/bin/../lib/gcc/arm-none-eabi/11.2.1/thumb/v7e-m+fp/hard\libc.a(lib_a-fwalk.o)
 .debug_info    0x00031504      0xdb8 d:/11.2 2022.02/bin/../lib/gcc/arm-none-eabi/11.2.1/thumb/v7e-m+fp/hard\libc.a(lib_a-makebuf.o)
 .debug_info    0x000322bc      0xed1 d:/11.2 2022.02/bin/../lib/gcc/arm-none-eabi/11.2.1/thumb/v7e-m+fp/hard\libc.a(lib_a-signal.o)
 .debug_info    0x0003318d      0x98c d:/11.2 2022.02/bin/../lib/gcc/arm-none-eabi/11.2.1/thumb/v7e-m+fp/hard\libc.a(lib_a-signalr.o)
 .debug_info    0x00033b19      0xbfc d:/11.2 2022.02/bin/../lib/gcc/arm-none-eabi/11.2.1/thumb/v7e-m+fp/hard\libc.a(lib_a-stdio.o)
 .debug_info    0x00034715      0xa0f d:/11.2 2022.02/bin/../lib/gcc/arm-none-eabi/11.2.1/thumb/v7e-m+fp/hard\libc.a(lib_a-wbuf.o)
 .debug_info    0x00035124      0x961 d:/11.2 2022.02/bin/../lib/gcc/arm-none-eabi/11.2.1/thumb/v7e-m+fp/hard\libc.a(lib_a-writer.o)
 .debug_info    0x00035a85      0x905 d:/11.2 2022.02/bin/../lib/gcc/arm-none-eabi/11.2.1/thumb/v7e-m+fp/hard\libc.a(lib_a-closer.o)
 .debug_info    0x0003638a      0xa7a d:/11.2 2022.02/bin/../lib/gcc/arm-none-eabi/11.2.1/thumb/v7e-m+fp/hard\libc.a(lib_a-fclose.o)
 .debug_info    0x00036e04      0xb23 d:/11.2 2022.02/bin/../lib/gcc/arm-none-eabi/11.2.1/thumb/v7e-m+fp/hard\libc.a(lib_a-fstatr.o)
 .debug_info    0x00037927      0x905 d:/11.2 2022.02/bin/../lib/gcc/arm-none-eabi/11.2.1/thumb/v7e-m+fp/hard\libc.a(lib_a-isattyr.o)
 .debug_info    0x0003822c      0x944 d:/11.2 2022.02/bin/../lib/gcc/arm-none-eabi/11.2.1/thumb/v7e-m+fp/hard\libc.a(lib_a-lseekr.o)
 .debug_info    0x00038b70      0x95b d:/11.2 2022.02/bin/../lib/gcc/arm-none-eabi/11.2.1/thumb/v7e-m+fp/hard\libc.a(lib_a-readr.o)
 .debug_info    0x000394cb       0xb2 d:/11.2 2022.02/bin/../lib/gcc/arm-none-eabi/11.2.1/thumb/v7e-m+fp/hard\libnosys.a(close.o)
 .debug_info    0x0003957d      0x2cb d:/11.2 2022.02/bin/../lib/gcc/arm-none-eabi/11.2.1/thumb/v7e-m+fp/hard\libnosys.a(fstat.o)
 .debug_info    0x00039848       0x9d d:/11.2 2022.02/bin/../lib/gcc/arm-none-eabi/11.2.1/thumb/v7e-m+fp/hard\libnosys.a(getpid.o)
 .debug_info    0x000398e5       0xb2 d:/11.2 2022.02/bin/../lib/gcc/arm-none-eabi/11.2.1/thumb/v7e-m+fp/hard\libnosys.a(isatty.o)
 .debug_info    0x00039997       0xc0 d:/11.2 2022.02/bin/../lib/gcc/arm-none-eabi/11.2.1/thumb/v7e-m+fp/hard\libnosys.a(kill.o)
 .debug_info    0x00039a57       0xd4 d:/11.2 2022.02/bin/../lib/gcc/arm-none-eabi/11.2.1/thumb/v7e-m+fp/hard\libnosys.a(lseek.o)
 .debug_info    0x00039b2b       0xda d:/11.2 2022.02/bin/../lib/gcc/arm-none-eabi/11.2.1/thumb/v7e-m+fp/hard\libnosys.a(read.o)
 .debug_info    0x00039c05       0x9e d:/11.2 2022.02/bin/../lib/gcc/arm-none-eabi/11.2.1/thumb/v7e-m+fp/hard\libnosys.a(sbrk.o)
 .debug_info    0x00039ca3       0xda d:/11.2 2022.02/bin/../lib/gcc/arm-none-eabi/11.2.1/thumb/v7e-m+fp/hard\libnosys.a(write.o)
 .debug_info    0x00039d7d       0x62 d:/11.2 2022.02/bin/../lib/gcc/arm-none-eabi/11.2.1/thumb/v7e-m+fp/hard\libnosys.a(_exit.o)
 .debug_info    0x00039ddf       0x25 d:/11.2 2022.02/bin/../lib/gcc/arm-none-eabi/11.2.1/thumb/v7e-m+fp/hard\libgcc.a(_arm_addsubdf3.o)
 .debug_info    0x00039e04       0x25 d:/11.2 2022.02/bin/../lib/gcc/arm-none-eabi/11.2.1/thumb/v7e-m+fp/hard\libgcc.a(_arm_muldivdf3.o)
 .debug_info    0x00039e29       0x25 d:/11.2 2022.02/bin/../lib/gcc/arm-none-eabi/11.2.1/thumb/v7e-m+fp/hard\libgcc.a(_arm_cmpdf2.o)
 .debug_info    0x00039e4e       0x24 d:/11.2 2022.02/bin/../lib/gcc/arm-none-eabi/11.2.1/thumb/v7e-m+fp/hard\libgcc.a(_arm_unorddf2.o)
 .debug_info    0x00039e72       0x24 d:/11.2 2022.02/bin/../lib/gcc/arm-none-eabi/11.2.1/thumb/v7e-m+fp/hard\libgcc.a(_arm_fixdfsi.o)
 .debug_info    0x00039e96       0x24 d:/11.2 2022.02/bin/../lib/gcc/arm-none-eabi/11.2.1/thumb/v7e-m+fp/hard\libgcc.a(_aeabi_uldivmod.o)
 .debug_info    0x00039eba      0x6e3 d:/11.2 2022.02/bin/../lib/gcc/arm-none-eabi/11.2.1/thumb/v7e-m+fp/hard\libgcc.a(_udivmoddi4.o)
 .debug_info    0x0003a59d       0x24 d:/11.2 2022.02/bin/../lib/gcc/arm-none-eabi/11.2.1/thumb/v7e-m+fp/hard\libgcc.a(_dvmd_tls.o)

.debug_abbrev   0x00000000     0xab98
 .debug_abbrev  0x00000000      0x2b5 build/main.o
 .debug_abbrev  0x000002b5      0x160 build/gpio.o
 .debug_abbrev  0x00000415      0x16b build/stm32f4xx_it.o
 .debug_abbrev  0x00000580       0xd3 build/stm32f4xx_hal_msp.o
 .debug_abbrev  0x00000653      0x2b6 build/stm32f4xx_hal_tim.o
 .debug_abbrev  0x00000909      0x2b0 build/stm32f4xx_hal_tim_ex.o
 .debug_abbrev  0x00000bb9      0x2de build/stm32f4xx_hal_rcc.o
 .debug_abbrev  0x00000e97      0x22b build/stm32f4xx_hal_gpio.o
 .debug_abbrev  0x000010c2      0x2fe build/stm32f4xx_hal_dma.o
 .debug_abbrev  0x000013c0      0x371 build/stm32f4xx_hal_cortex.o
 .debug_abbrev  0x00001731      0x244 build/stm32f4xx_hal.o
 .debug_abbrev  0x00001975      0x11b build/system_stm32f4xx.o
 .debug_abbrev  0x00001a90      0x12f build/dma.o
 .debug_abbrev  0x00001bbf      0x276 build/tim.o
 .debug_abbrev  0x00001e35      0x2ac build/usart.o
 .debug_abbrev  0x000020e1      0x36f build/stm32f4xx_hal_uart.o
 .debug_abbrev  0x00002450      0x274 build/pid.o
 .debug_abbrev  0x000026c4       0x12 build/startup_stm32f407xx.o
 .debug_abbrev  0x000026d6      0x1ca d:/11.2 2022.02/bin/../lib/gcc/arm-none-eabi/11.2.1/thumb/v7e-m+fp/hard\libc.a(lib_a-impure.o)
 .debug_abbrev  0x000028a0       0xc9 d:/11.2 2022.02/bin/../lib/gcc/arm-none-eabi/11.2.1/thumb/v7e-m+fp/hard\libc.a(lib_a-init.o)
 .debug_abbrev  0x00002969       0xb7 d:/11.2 2022.02/bin/../lib/gcc/arm-none-eabi/11.2.1/thumb/v7e-m+fp/hard\libc.a(lib_a-memset.o)
 .debug_abbrev  0x00002a20       0x14 d:/11.2 2022.02/bin/../lib/gcc/arm-none-eabi/11.2.1/thumb/v7e-m+fp/hard\libc.a(lib_a-strlen.o)
 .debug_abbrev  0x00002a34      0x2ba d:/11.2 2022.02/bin/../lib/gcc/arm-none-eabi/11.2.1/thumb/v7e-m+fp/hard\libc.a(lib_a-vsprintf.o)
 .debug_abbrev  0x00002cee      0x45d d:/11.2 2022.02/bin/../lib/gcc/arm-none-eabi/11.2.1/thumb/v7e-m+fp/hard\libc.a(lib_a-svfprintf.o)
 .debug_abbrev  0x0000314b      0x25f d:/11.2 2022.02/bin/../lib/gcc/arm-none-eabi/11.2.1/thumb/v7e-m+fp/hard\libc.a(lib_a-wcrtomb.o)
 .debug_abbrev  0x000033aa      0x241 d:/11.2 2022.02/bin/../lib/gcc/arm-none-eabi/11.2.1/thumb/v7e-m+fp/hard\libc.a(lib_a-wcsrtombs.o)
 .debug_abbrev  0x000035eb      0x371 d:/11.2 2022.02/bin/../lib/gcc/arm-none-eabi/11.2.1/thumb/v7e-m+fp/hard\libc.a(lib_a-dtoa.o)
 .debug_abbrev  0x0000395c      0x2c2 d:/11.2 2022.02/bin/../lib/gcc/arm-none-eabi/11.2.1/thumb/v7e-m+fp/hard\libc.a(lib_a-freer.o)
 .debug_abbrev  0x00003c1e      0x28a d:/11.2 2022.02/bin/../lib/gcc/arm-none-eabi/11.2.1/thumb/v7e-m+fp/hard\libc.a(lib_a-localeconv.o)
 .debug_abbrev  0x00003ea8      0x446 d:/11.2 2022.02/bin/../lib/gcc/arm-none-eabi/11.2.1/thumb/v7e-m+fp/hard\libc.a(lib_a-locale.o)
 .debug_abbrev  0x000042ee      0x309 d:/11.2 2022.02/bin/../lib/gcc/arm-none-eabi/11.2.1/thumb/v7e-m+fp/hard\libc.a(lib_a-mallocr.o)
 .debug_abbrev  0x000045f7      0x332 d:/11.2 2022.02/bin/../lib/gcc/arm-none-eabi/11.2.1/thumb/v7e-m+fp/hard\libc.a(lib_a-mbtowc_r.o)
 .debug_abbrev  0x00004929       0x14 d:/11.2 2022.02/bin/../lib/gcc/arm-none-eabi/11.2.1/thumb/v7e-m+fp/hard\libc.a(lib_a-memchr.o)
 .debug_abbrev  0x0000493d       0x14 d:/11.2 2022.02/bin/../lib/gcc/arm-none-eabi/11.2.1/thumb/v7e-m+fp/hard\libc.a(lib_a-memcpy.o)
 .debug_abbrev  0x00004951      0x202 d:/11.2 2022.02/bin/../lib/gcc/arm-none-eabi/11.2.1/thumb/v7e-m+fp/hard\libc.a(lib_a-mlock.o)
 .debug_abbrev  0x00004b53      0x4e5 d:/11.2 2022.02/bin/../lib/gcc/arm-none-eabi/11.2.1/thumb/v7e-m+fp/hard\libc.a(lib_a-mprec.o)
 .debug_abbrev  0x00005038      0x24a d:/11.2 2022.02/bin/../lib/gcc/arm-none-eabi/11.2.1/thumb/v7e-m+fp/hard\libc.a(lib_a-sbrkr.o)
 .debug_abbrev  0x00005282      0x162 d:/11.2 2022.02/bin/../lib/gcc/arm-none-eabi/11.2.1/thumb/v7e-m+fp/hard\libc.a(lib_a-s_frexp.o)
 .debug_abbrev  0x000053e4       0xbe d:/11.2 2022.02/bin/../lib/gcc/arm-none-eabi/11.2.1/thumb/v7e-m+fp/hard\libc.a(lib_a-strncpy.o)
 .debug_abbrev  0x000054a2      0x36a d:/11.2 2022.02/bin/../lib/gcc/arm-none-eabi/11.2.1/thumb/v7e-m+fp/hard\libc.a(lib_a-svfiprintf.o)
 .debug_abbrev  0x0000580c      0x2a6 d:/11.2 2022.02/bin/../lib/gcc/arm-none-eabi/11.2.1/thumb/v7e-m+fp/hard\libc.a(lib_a-wcsnrtombs.o)
 .debug_abbrev  0x00005ab2      0x29d d:/11.2 2022.02/bin/../lib/gcc/arm-none-eabi/11.2.1/thumb/v7e-m+fp/hard\libc.a(lib_a-wctomb_r.o)
 .debug_abbrev  0x00005d4f      0x25a d:/11.2 2022.02/bin/../lib/gcc/arm-none-eabi/11.2.1/thumb/v7e-m+fp/hard\libc.a(lib_a-assert.o)
 .debug_abbrev  0x00005fa9      0x28d d:/11.2 2022.02/bin/../lib/gcc/arm-none-eabi/11.2.1/thumb/v7e-m+fp/hard\libc.a(lib_a-callocr.o)
 .debug_abbrev  0x00006236      0x20e d:/11.2 2022.02/bin/../lib/gcc/arm-none-eabi/11.2.1/thumb/v7e-m+fp/hard\libc.a(lib_a-ctype_.o)
 .debug_abbrev  0x00006444      0x1ce d:/11.2 2022.02/bin/../lib/gcc/arm-none-eabi/11.2.1/thumb/v7e-m+fp/hard\libc.a(lib_a-errno.o)
 .debug_abbrev  0x00006612      0x286 d:/11.2 2022.02/bin/../lib/gcc/arm-none-eabi/11.2.1/thumb/v7e-m+fp/hard\libc.a(lib_a-fiprintf.o)
 .debug_abbrev  0x00006898       0xc3 d:/11.2 2022.02/bin/../lib/gcc/arm-none-eabi/11.2.1/thumb/v7e-m+fp/hard\libc.a(lib_a-memmove.o)
 .debug_abbrev  0x0000695b      0x2a1 d:/11.2 2022.02/bin/../lib/gcc/arm-none-eabi/11.2.1/thumb/v7e-m+fp/hard\libc.a(lib_a-reallocr.o)
 .debug_abbrev  0x00006bfc      0x2fe d:/11.2 2022.02/bin/../lib/gcc/arm-none-eabi/11.2.1/thumb/v7e-m+fp/hard\libc.a(lib_a-reent.o)
 .debug_abbrev  0x00006efa      0x4b2 d:/11.2 2022.02/bin/../lib/gcc/arm-none-eabi/11.2.1/thumb/v7e-m+fp/hard\libc.a(lib_a-vfiprintf.o)
 .debug_abbrev  0x000073ac      0x252 d:/11.2 2022.02/bin/../lib/gcc/arm-none-eabi/11.2.1/thumb/v7e-m+fp/hard\libc.a(lib_a-wsetup.o)
 .debug_abbrev  0x000075fe       0x99 d:/11.2 2022.02/bin/../lib/gcc/arm-none-eabi/11.2.1/thumb/v7e-m+fp/hard\libc.a(lib_a-abort.o)
 .debug_abbrev  0x00007697      0x354 d:/11.2 2022.02/bin/../lib/gcc/arm-none-eabi/11.2.1/thumb/v7e-m+fp/hard\libc.a(lib_a-fflush.o)
 .debug_abbrev  0x000079eb      0x452 d:/11.2 2022.02/bin/../lib/gcc/arm-none-eabi/11.2.1/thumb/v7e-m+fp/hard\libc.a(lib_a-findfp.o)
 .debug_abbrev  0x00007e3d      0x388 d:/11.2 2022.02/bin/../lib/gcc/arm-none-eabi/11.2.1/thumb/v7e-m+fp/hard\libc.a(lib_a-fputwc.o)
 .debug_abbrev  0x000081c5      0x28b d:/11.2 2022.02/bin/../lib/gcc/arm-none-eabi/11.2.1/thumb/v7e-m+fp/hard\libc.a(lib_a-fvwrite.o)
 .debug_abbrev  0x00008450      0x20f d:/11.2 2022.02/bin/../lib/gcc/arm-none-eabi/11.2.1/thumb/v7e-m+fp/hard\libc.a(lib_a-fwalk.o)
 .debug_abbrev  0x0000865f      0x30a d:/11.2 2022.02/bin/../lib/gcc/arm-none-eabi/11.2.1/thumb/v7e-m+fp/hard\libc.a(lib_a-makebuf.o)
 .debug_abbrev  0x00008969      0x346 d:/11.2 2022.02/bin/../lib/gcc/arm-none-eabi/11.2.1/thumb/v7e-m+fp/hard\libc.a(lib_a-signal.o)
 .debug_abbrev  0x00008caf      0x26d d:/11.2 2022.02/bin/../lib/gcc/arm-none-eabi/11.2.1/thumb/v7e-m+fp/hard\libc.a(lib_a-signalr.o)
 .debug_abbrev  0x00008f1c      0x294 d:/11.2 2022.02/bin/../lib/gcc/arm-none-eabi/11.2.1/thumb/v7e-m+fp/hard\libc.a(lib_a-stdio.o)
 .debug_abbrev  0x000091b0      0x2a6 d:/11.2 2022.02/bin/../lib/gcc/arm-none-eabi/11.2.1/thumb/v7e-m+fp/hard\libc.a(lib_a-wbuf.o)
 .debug_abbrev  0x00009456      0x225 d:/11.2 2022.02/bin/../lib/gcc/arm-none-eabi/11.2.1/thumb/v7e-m+fp/hard\libc.a(lib_a-writer.o)
 .debug_abbrev  0x0000967b      0x220 d:/11.2 2022.02/bin/../lib/gcc/arm-none-eabi/11.2.1/thumb/v7e-m+fp/hard\libc.a(lib_a-closer.o)
 .debug_abbrev  0x0000989b      0x321 d:/11.2 2022.02/bin/../lib/gcc/arm-none-eabi/11.2.1/thumb/v7e-m+fp/hard\libc.a(lib_a-fclose.o)
 .debug_abbrev  0x00009bbc      0x233 d:/11.2 2022.02/bin/../lib/gcc/arm-none-eabi/11.2.1/thumb/v7e-m+fp/hard\libc.a(lib_a-fstatr.o)
 .debug_abbrev  0x00009def      0x220 d:/11.2 2022.02/bin/../lib/gcc/arm-none-eabi/11.2.1/thumb/v7e-m+fp/hard\libc.a(lib_a-isattyr.o)
 .debug_abbrev  0x0000a00f      0x234 d:/11.2 2022.02/bin/../lib/gcc/arm-none-eabi/11.2.1/thumb/v7e-m+fp/hard\libc.a(lib_a-lseekr.o)
 .debug_abbrev  0x0000a243      0x220 d:/11.2 2022.02/bin/../lib/gcc/arm-none-eabi/11.2.1/thumb/v7e-m+fp/hard\libc.a(lib_a-readr.o)
 .debug_abbrev  0x0000a463       0x6c d:/11.2 2022.02/bin/../lib/gcc/arm-none-eabi/11.2.1/thumb/v7e-m+fp/hard\libnosys.a(close.o)
 .debug_abbrev  0x0000a4cf       0xcc d:/11.2 2022.02/bin/../lib/gcc/arm-none-eabi/11.2.1/thumb/v7e-m+fp/hard\libnosys.a(fstat.o)
 .debug_abbrev  0x0000a59b       0x58 d:/11.2 2022.02/bin/../lib/gcc/arm-none-eabi/11.2.1/thumb/v7e-m+fp/hard\libnosys.a(getpid.o)
 .debug_abbrev  0x0000a5f3       0x6c d:/11.2 2022.02/bin/../lib/gcc/arm-none-eabi/11.2.1/thumb/v7e-m+fp/hard\libnosys.a(isatty.o)
 .debug_abbrev  0x0000a65f       0x7d d:/11.2 2022.02/bin/../lib/gcc/arm-none-eabi/11.2.1/thumb/v7e-m+fp/hard\libnosys.a(kill.o)
 .debug_abbrev  0x0000a6dc       0x91 d:/11.2 2022.02/bin/../lib/gcc/arm-none-eabi/11.2.1/thumb/v7e-m+fp/hard\libnosys.a(lseek.o)
 .debug_abbrev  0x0000a76d       0x9a d:/11.2 2022.02/bin/../lib/gcc/arm-none-eabi/11.2.1/thumb/v7e-m+fp/hard\libnosys.a(read.o)
 .debug_abbrev  0x0000a807       0xa1 d:/11.2 2022.02/bin/../lib/gcc/arm-none-eabi/11.2.1/thumb/v7e-m+fp/hard\libnosys.a(sbrk.o)
 .debug_abbrev  0x0000a8a8       0x9a d:/11.2 2022.02/bin/../lib/gcc/arm-none-eabi/11.2.1/thumb/v7e-m+fp/hard\libnosys.a(write.o)
 .debug_abbrev  0x0000a942       0x60 d:/11.2 2022.02/bin/../lib/gcc/arm-none-eabi/11.2.1/thumb/v7e-m+fp/hard\libnosys.a(_exit.o)
 .debug_abbrev  0x0000a9a2       0x14 d:/11.2 2022.02/bin/../lib/gcc/arm-none-eabi/11.2.1/thumb/v7e-m+fp/hard\libgcc.a(_arm_addsubdf3.o)
 .debug_abbrev  0x0000a9b6       0x14 d:/11.2 2022.02/bin/../lib/gcc/arm-none-eabi/11.2.1/thumb/v7e-m+fp/hard\libgcc.a(_arm_muldivdf3.o)
 .debug_abbrev  0x0000a9ca       0x14 d:/11.2 2022.02/bin/../lib/gcc/arm-none-eabi/11.2.1/thumb/v7e-m+fp/hard\libgcc.a(_arm_cmpdf2.o)
 .debug_abbrev  0x0000a9de       0x14 d:/11.2 2022.02/bin/../lib/gcc/arm-none-eabi/11.2.1/thumb/v7e-m+fp/hard\libgcc.a(_arm_unorddf2.o)
 .debug_abbrev  0x0000a9f2       0x14 d:/11.2 2022.02/bin/../lib/gcc/arm-none-eabi/11.2.1/thumb/v7e-m+fp/hard\libgcc.a(_arm_fixdfsi.o)